2026-08-16 23:34:58.620 -04:00|Info|push-notifications|NotificationManager: new params received url:  ws:wss://100.68.29.73:6969/notifierServer/getwebsocket/6a82807d2c0fe3f6f0b1bd04
2026-08-16 23:35:01.775 -04:00|Info|push-notifications|LongPollingWebSocketRequest result Count:1839 MessageType:Text
2026-08-16 23:35:01.775 -04:00|Info|push-notifications|LongPollingWebSocketRequest received:1839
2026-08-16 23:35:01.785 -04:00|Info|push-notifications|Got notification | ChatMessageReceived
{
  "dialogId": "686eea254af06fe1f89b528a",
  "message": {
    "_id": "6a8281652c0fe3f6f0b1c00d",
    "uid": "686eea254af06fe1f89b528a",
    "type": 13,
    "dt": 1786937701,
    "text": "[SYSTEM NOTICE]\r\n-> Status: ACTIVE\r\n    WTT Armory Installation: DETECTED\r\n    Initializing Welcome Protocol...\r\n-> Status: DEPLOYING...\r\n    Dispensing Complimentary Item...\r\n-> Status: COMPLETE\r\n    User Input: NOT REQUIRED",
    "hasRewards": true,
    "rewardCollected": false,
    "items": {
      "stash": "6a8281652c0fe3f6f0b1c00e",
      "data": [
        {
          "_id": "6a8281652c0fe3f6f0b1c00f",
          "_tpl": "679f2453d1970258c1df3fce",
          "parentId": "6a8281652c0fe3f6f0b1c00e",
          "slotId": "main",
          "upd": {
            "Repairable": {
              "Durability": 100,
              "MaxDurability": 100
            },
            "FireMode": {
              "FireMode": "single"
            }
          }
        },
        {
          "_id": "6a8281652c0fe3f6f0b1c010",
          "_tpl": "679f24d15ff75ca48f6462a2",
          "parentId": "6a8281652c0fe3f6f0b1c00f",
          "slotId": "mod_barrel"
        },
        {
          "_id": "6a8281652c0fe3f6f0b1c011",
          "_tpl": "679f24e723451339c041f28d",
          "parentId": "6a8281652c0fe3f6f0b1c00f",
          "slotId": "mod_reciever"
        },
        {
          "_id": "6a8281652c0fe3f6f0b1c012",
          "_tpl": "679f24e0434b197ed7a10468",
          "parentId": "6a8281652c0fe3f6f0b1c00f",
          "slotId": "mod_pistolgrip"
        },
        {
          "_id": "6a8281652c0fe3f6f0b1c013",
          "_tpl": "679f24edc0aba3ffa139b03f",
          "parentId": "6a8281652c0fe3f6f0b1c00f",
          "slotId": "mod_magazine"
        },
        {
          "_id": "6a8281652c0fe3f6f0b1c014",
          "_tpl": "679f24edc0aba3ffa139b03f",
          "parentId": "6a8281652c0fe3f6f0b1c00e",
          "slotId": "main"
        },
        {
          "_id": "6a8281652c0fe3f6f0b1c015",
          "_tpl": "679f24edc0aba3ffa139b03f",
          "parentId": "6a8281652c0fe3f6f0b1c00e",
          "slotId": "main"
        },
        {
          "_id": "6a8281652c0fe3f6f0b1c016",
          "_tpl": "657025a4bfc87b3a34093250",
          "parentId": "6a8281652c0fe3f6f0b1c00e",
          "slotId": "main"
        },
        {
          "_id": "6a8281652c0fe3f6f0b1c017",
          "_tpl": "58864a4f2459770fcc257101",
          "parentId": "6a8281652c0fe3f6f0b1c016",
          "slotId": "cartridges",
          "upd": {
            "StackObjectsCount": 50
          }
        }
      ]
    },
    "maxStorageTime": 172800
  },
  "type": "new_message",
  "eventId": "6a8281652c0fe3f6f0b1c00d"
}
2026-08-16 23:35:01.785 -04:00|Info|push-notifications|NotificationManager.ProcessMessage | Received notification: Type: ChatMessageReceived, Time: 0, Duration: Default, ShowNotification: False
