2026-08-16 23:32:20.467 -04:00|0.16.9.0.40087|Error|Default|Loading EFTHardSettings synchronously can cause CPU spikes. Please load it asynchronously using EFTHardSettings.Load before accessing Instance. 
2026-08-16 23:33:57.929 -04:00|0.16.9.0.40087|Error|assetBundle|Bundle "Headwear/eyewear/oakley_holbrook/holbrook_blk.bundle" has dependency "holbrook_glass_shared" that was not found in manifest 
2026-08-16 23:33:57.930 -04:00|0.16.9.0.40087|Error|assetBundle|Bundle "dd_magazine_extended_socom.bundle" has dependency "commonassets/physics/physicsmaterials.bundle" that was not found in manifest 
2026-08-16 23:33:57.930 -04:00|0.16.9.0.40087|Error|assetBundle|Bundle "Headwear/helmets/ate_hhv_helmet/helmet_hhv_tan.bundle" has dependency "helmet_ate_hhv_common" that was not found in manifest 
2026-08-16 23:33:57.930 -04:00|0.16.9.0.40087|Error|assetBundle|Bundle "Headwear/helmets/opscore_xp/helmet_fast_xp_cover_mcblk.bundle" has dependency "fast_xp_shared" that was not found in manifest 
2026-08-16 23:33:57.930 -04:00|0.16.9.0.40087|Error|assetBundle|Bundle "dd_magazine_socom.bundle" has dependency "commonassets/physics/physicsmaterials.bundle" that was not found in manifest 
2026-08-16 23:33:57.930 -04:00|0.16.9.0.40087|Error|assetBundle|Bundle "Headwear/helmets/opscore_xp/helmet_fast_xp_cover_mcalp.bundle" has dependency "fast_xp_shared" that was not found in manifest 
2026-08-16 23:33:57.930 -04:00|0.16.9.0.40087|Error|assetBundle|Bundle "mods/ak/Pic_Adapter_for_AK.bundle" has dependency "cab-1dc8d26be8722a766953ce9d8a444e8c" that was not found in manifest 
2026-08-16 23:33:57.930 -04:00|0.16.9.0.40087|Error|assetBundle|Bundle "mods/ak/Pic_Adapter_for_AK.bundle" has dependency "cab-bbf13a8cb4c78fcb606eec94701adda6" that was not found in manifest 
2026-08-16 23:33:57.930 -04:00|0.16.9.0.40087|Error|assetBundle|Bundle "mods/ak/Pic_Adapter_for_AK.bundle" has dependency "cab-92f737866f97db787c6e7d22c895a41e" that was not found in manifest 
2026-08-16 23:33:57.930 -04:00|0.16.9.0.40087|Error|assetBundle|Bundle "WeaponRuger57/ruger57_barrel.bundle" has dependency "assets/system/effects/smoke" that was not found in manifest 
2026-08-16 23:33:57.930 -04:00|0.16.9.0.40087|Error|assetBundle|Bundle "Mods/PistolGrips/b5_p22_socom.bundle" has dependency "commonassets/physics/physicsmaterials.bundle" that was not found in manifest 
2026-08-16 23:33:57.930 -04:00|0.16.9.0.40087|Error|assetBundle|Bundle "Attachments/Foregrips/foregrip_all_dd_vfg_fde_socom.bundle" has dependency "commonassets/physics/physicsmaterials.bundle" that was not found in manifest 
2026-08-16 23:33:57.930 -04:00|0.16.9.0.40087|Error|assetBundle|Bundle "dd_magazine_fde_socom.bundle" has dependency "commonassets/physics/physicsmaterials.bundle" that was not found in manifest 
2026-08-16 23:33:57.930 -04:00|0.16.9.0.40087|Error|assetBundle|Bundle "Attachments/Foregrips/foregrip_all_dd_vfg_gry_socom.bundle" has dependency "commonassets/physics/physicsmaterials.bundle" that was not found in manifest 
2026-08-16 23:33:57.930 -04:00|0.16.9.0.40087|Error|assetBundle|Bundle "Mods/Foregrips/kac_finger_socom.bundle" has dependency "commonassets/physics/physicsmaterials.bundle" that was not found in manifest 
2026-08-16 23:33:57.930 -04:00|0.16.9.0.40087|Error|assetBundle|Bundle "Headwear/helmets/ate_hhv_helmet/helmet_hhv_wraith.bundle" has dependency "helmet_ate_hhv_common" that was not found in manifest 
2026-08-16 23:33:57.930 -04:00|0.16.9.0.40087|Error|assetBundle|Bundle "Mods/PistolGrips/b5_p22_fde_socom.bundle" has dependency "commonassets/physics/physicsmaterials.bundle" that was not found in manifest 
2026-08-16 23:33:57.930 -04:00|0.16.9.0.40087|Error|assetBundle|Bundle "Headwear/helmets/opscore_xp/helmet_fast_xp_cover_aor2.bundle" has dependency "fast_xp_shared" that was not found in manifest 
2026-08-16 23:33:57.930 -04:00|0.16.9.0.40087|Error|assetBundle|Bundle "Headwear/eyewear/oakley_holbrook/holbrook_prpl.bundle" has dependency "holbrook_glass_shared" that was not found in manifest 
2026-08-16 23:33:57.930 -04:00|0.16.9.0.40087|Error|assetBundle|Bundle "Headwear/helmets/opscore_xp/helmet_fast_xp_cover_mc.bundle" has dependency "fast_xp_shared" that was not found in manifest 
2026-08-16 23:33:57.930 -04:00|0.16.9.0.40087|Error|assetBundle|Bundle "dd_magazine_fde_extended_socom.bundle" has dependency "commonassets/physics/physicsmaterials.bundle" that was not found in manifest 
2026-08-16 23:33:57.930 -04:00|0.16.9.0.40087|Error|assetBundle|Bundle "Headwear/helmets/opscore_xp/helmet_fast_xp_cover_odrab.bundle" has dependency "fast_xp_shared" that was not found in manifest 
2026-08-16 23:33:57.930 -04:00|0.16.9.0.40087|Error|assetBundle|Bundle "Headwear/helmets/opscore_xp/helmet_fast_xp_cover_desert_night.bundle" has dependency "fast_xp_shared" that was not found in manifest 
2026-08-16 23:33:57.930 -04:00|0.16.9.0.40087|Error|assetBundle|Bundle "Attachments/Foregrips/foregrip_all_dd_vfg_blk_socom.bundle" has dependency "commonassets/physics/physicsmaterials.bundle" that was not found in manifest 
2026-08-16 23:33:57.930 -04:00|0.16.9.0.40087|Error|assetBundle|Bundle "Headwear/helmets/opscore_xp/fast_xp_untar.bundle" has dependency "fast_xp_shared" that was not found in manifest 
2026-08-16 23:34:21.448 -04:00|0.16.9.0.40087|Error|Default|Incorrect Enum value Head at armorColliders[1], fallback to EBodyPartColliderType.HeadCommon 
2026-08-16 23:34:21.448 -04:00|0.16.9.0.40087|Error|Default|Incorrect Enum value Head at armorColliders[1], fallback to EBodyPartColliderType.HeadCommon 
2026-08-16 23:34:22.415 -04:00|0.16.9.0.40087|Error|Default|Item deserialization error: No slot with id Helmet_eyes found in 65711b706d197c216005b31c Name for item 6750ddab1240bc5086eed8af 
2026-08-16 23:34:22.415 -04:00|0.16.9.0.40087|Error|Default|Item deserialization error: No slot with id Helmet_jaw found in 65711bc79eb8c145180dbba1 Name for item 6750ddabc5decc7ed1390ec3 
2026-08-16 23:34:22.416 -04:00|0.16.9.0.40087|Error|Default|Item deserialization error: No slot with id Helmet_eyes found in 65711b706d197c216005b31c Name for item 6750ddb2b986fbec94a31896 
2026-08-16 23:34:22.416 -04:00|0.16.9.0.40087|Error|Default|Item deserialization error: No slot with id Helmet_jaw found in 65711bc79eb8c145180dbba1 Name for item 6750ddb32e0d58542ce3285f 
2026-08-16 23:34:22.416 -04:00|0.16.9.0.40087|Error|Default|Item deserialization error: No slot with id Soft_armor_left found in 6570e5674cc0d2ab1e05edbb Name for item 6750dc09c24a3b9d5427e055 
2026-08-16 23:34:22.416 -04:00|0.16.9.0.40087|Error|Default|Item deserialization error: No slot with id soft_armor_right found in 6570e59b0b57c03ec90b970e Name for item 6750dc0b76c4612d5aaea756 
2026-08-16 23:34:22.449 -04:00|0.16.9.0.40087|Error|Default|Item presets is already contains key: 68b4b52f1a1ff2a6c49ac5be 
2026-08-16 23:34:22.449 -04:00|0.16.9.0.40087|Error|Default|Item presets is already contains key: 68b4b52f1a1ff2a6c49ac5be 
2026-08-16 23:34:22.449 -04:00|0.16.9.0.40087|Error|Default|Item presets is already contains key: 6928b6bf523e7af9a6ed2cec 
2026-08-16 23:34:22.449 -04:00|0.16.9.0.40087|Error|Default|Item presets is already contains key: 6930cde327aa0ba2c16d3d01 
2026-08-16 23:34:22.449 -04:00|0.16.9.0.40087|Error|Default|Item presets is already contains key: 5a7ae0c351dfba0017554310 
2026-08-16 23:34:22.449 -04:00|0.16.9.0.40087|Error|Default|Item presets is already contains key: 5ea03f7400685063ec28bfa8 
2026-08-16 23:34:24.674 -04:00|0.16.9.0.40087|Error|Default|<b>Locale</b>. Trying to add duplicate: arena/widgets/activate object 
2026-08-16 23:34:24.674 -04:00|0.16.9.0.40087|Error|Default|<b>Locale</b>. Trying to add duplicate: arena/widgets/defend object 
2026-08-16 23:34:24.674 -04:00|0.16.9.0.40087|Error|Default|<b>Locale</b>. Trying to add duplicate: arena/widgets/event/activating object 
2026-08-16 23:34:24.674 -04:00|0.16.9.0.40087|Error|Default|<b>Locale</b>. Trying to add duplicate: arena/widgets/event/can activate object 
2026-08-16 23:34:24.674 -04:00|0.16.9.0.40087|Error|Default|<b>Locale</b>. Trying to add duplicate: arena/widgets/event/defend object 
2026-08-16 23:34:24.674 -04:00|0.16.9.0.40087|Error|Default|<b>Locale</b>. Trying to add duplicate: laboratory 
2026-08-16 23:34:24.674 -04:00|0.16.9.0.40087|Error|Default|<b>Locale</b>. Trying to add duplicate: 6a0e253fd13347b5a6305306 name 
2026-08-16 23:34:24.674 -04:00|0.16.9.0.40087|Error|Default|<b>Locale</b>. Trying to add duplicate: 6a0e253fd13347b5a6305306 shortName 
2026-08-16 23:34:24.674 -04:00|0.16.9.0.40087|Error|Default|<b>Locale</b>. Trying to add duplicate: 6a0e253fd13347b5a6305306 description 
2026-08-16 23:34:24.674 -04:00|0.16.9.0.40087|Error|Default|<b>Locale</b>. Trying to add duplicate: 6a0e25e7c4fe58df2d30530a name 
2026-08-16 23:34:24.674 -04:00|0.16.9.0.40087|Error|Default|<b>Locale</b>. Trying to add duplicate: 6a0e25e7c4fe58df2d30530a shortName 
2026-08-16 23:34:24.674 -04:00|0.16.9.0.40087|Error|Default|<b>Locale</b>. Trying to add duplicate: 6a0e25e7c4fe58df2d30530a description 
2026-08-16 23:34:24.674 -04:00|0.16.9.0.40087|Error|Default|<b>Locale</b>. Trying to add duplicate: 6a0e26261115cb8e9d30530c name 
2026-08-16 23:34:24.674 -04:00|0.16.9.0.40087|Error|Default|<b>Locale</b>. Trying to add duplicate: 6a0e26261115cb8e9d30530c shortName 
2026-08-16 23:34:24.674 -04:00|0.16.9.0.40087|Error|Default|<b>Locale</b>. Trying to add duplicate: 6a0e26261115cb8e9d30530c description 
2026-08-16 23:34:24.674 -04:00|0.16.9.0.40087|Error|Default|<b>Locale</b>. Trying to add duplicate: 6a0e4358d460e95167305310 name 
2026-08-16 23:34:24.674 -04:00|0.16.9.0.40087|Error|Default|<b>Locale</b>. Trying to add duplicate: 6a0e4358d460e95167305310 shortName 
2026-08-16 23:34:24.674 -04:00|0.16.9.0.40087|Error|Default|<b>Locale</b>. Trying to add duplicate: 6a0e4358d460e95167305310 description 
2026-08-16 23:34:24.674 -04:00|0.16.9.0.40087|Error|Default|<b>Locale</b>. Trying to add duplicate: 6a0e43430b6f88f8d230530e name 
2026-08-16 23:34:24.674 -04:00|0.16.9.0.40087|Error|Default|<b>Locale</b>. Trying to add duplicate: 6a0e43430b6f88f8d230530e shortName 
2026-08-16 23:34:24.674 -04:00|0.16.9.0.40087|Error|Default|<b>Locale</b>. Trying to add duplicate: 6a0e43430b6f88f8d230530e description 
2026-08-16 23:34:24.674 -04:00|0.16.9.0.40087|Error|Default|<b>Locale</b>. Trying to add duplicate: 6a1087fe49f3a17012a302ef name 
2026-08-16 23:34:24.674 -04:00|0.16.9.0.40087|Error|Default|<b>Locale</b>. Trying to add duplicate: 6a1087fe49f3a17012a302ef shortName 
2026-08-16 23:34:24.674 -04:00|0.16.9.0.40087|Error|Default|<b>Locale</b>. Trying to add duplicate: 6a1087fe49f3a17012a302ef description 
2026-08-16 23:34:24.674 -04:00|0.16.9.0.40087|Error|Default|<b>Locale</b>. Trying to add duplicate: 6a10b66c1ad901f6b852f55a name 
2026-08-16 23:34:24.674 -04:00|0.16.9.0.40087|Error|Default|<b>Locale</b>. Trying to add duplicate: 6a10b66c1ad901f6b852f55a shortName 
2026-08-16 23:34:24.674 -04:00|0.16.9.0.40087|Error|Default|<b>Locale</b>. Trying to add duplicate: 6a10b66c1ad901f6b852f55a description 
2026-08-16 23:34:24.674 -04:00|0.16.9.0.40087|Error|Default|<b>Locale</b>. Trying to add duplicate: 6a10b6fac0c2827bb252f55e name 
2026-08-16 23:34:24.674 -04:00|0.16.9.0.40087|Error|Default|<b>Locale</b>. Trying to add duplicate: 6a10b6fac0c2827bb252f55e shortName 
2026-08-16 23:34:24.674 -04:00|0.16.9.0.40087|Error|Default|<b>Locale</b>. Trying to add duplicate: 6a10b6fac0c2827bb252f55e description 
2026-08-16 23:34:24.674 -04:00|0.16.9.0.40087|Error|Default|<b>Locale</b>. Trying to add duplicate: 6a10b78858b039730552f561 name 
2026-08-16 23:34:24.674 -04:00|0.16.9.0.40087|Error|Default|<b>Locale</b>. Trying to add duplicate: 6a10b78858b039730552f561 shortName 
2026-08-16 23:34:24.674 -04:00|0.16.9.0.40087|Error|Default|<b>Locale</b>. Trying to add duplicate: 6a10b78858b039730552f561 description 
2026-08-16 23:34:24.674 -04:00|0.16.9.0.40087|Error|Default|<b>Locale</b>. Trying to add duplicate: 6a10b82392962a745e52f564 name 
2026-08-16 23:34:24.674 -04:00|0.16.9.0.40087|Error|Default|<b>Locale</b>. Trying to add duplicate: 6a10b82392962a745e52f564 shortName 
2026-08-16 23:34:24.674 -04:00|0.16.9.0.40087|Error|Default|<b>Locale</b>. Trying to add duplicate: 6a10b82392962a745e52f564 description 
2026-08-16 23:34:24.674 -04:00|0.16.9.0.40087|Error|Default|<b>Locale</b>. Trying to add duplicate: 6a10b867bc3d46c41552f566 name 
2026-08-16 23:34:24.674 -04:00|0.16.9.0.40087|Error|Default|<b>Locale</b>. Trying to add duplicate: 6a10b867bc3d46c41552f566 shortName 
2026-08-16 23:34:24.674 -04:00|0.16.9.0.40087|Error|Default|<b>Locale</b>. Trying to add duplicate: 6a10b867bc3d46c41552f566 description 
2026-08-16 23:34:24.674 -04:00|0.16.9.0.40087|Error|Default|<b>Locale</b>. Trying to add duplicate: 6a2b0cc78dcf9203554cd53d name 
2026-08-16 23:34:24.674 -04:00|0.16.9.0.40087|Error|Default|<b>Locale</b>. Trying to add duplicate: 6a2b0cc78dcf9203554cd53d shortName 
2026-08-16 23:34:24.674 -04:00|0.16.9.0.40087|Error|Default|<b>Locale</b>. Trying to add duplicate: 6a2b0cc78dcf9203554cd53d description 
2026-08-16 23:34:24.682 -04:00|0.16.9.0.40087|Error|Default|<b>Locale</b>. Trying to add duplicate: 687b616db015c21f329bf45f Name 
2026-08-16 23:34:24.682 -04:00|0.16.9.0.40087|Error|Default|<b>Locale</b>. Trying to add duplicate: 687b616db015c21f329bf45f Description 
2026-08-16 23:34:24.682 -04:00|0.16.9.0.40087|Error|Default|<b>Locale</b>. Trying to add duplicate: 687b616db015c21f329bf45f StartedMessageText 
2026-08-16 23:34:24.682 -04:00|0.16.9.0.40087|Error|Default|<b>Locale</b>. Trying to add duplicate: 687b616db015c21f329bf45f SuccessMessageText 
2026-08-16 23:34:24.682 -04:00|0.16.9.0.40087|Error|Default|<b>Locale</b>. Trying to add duplicate: 687b616db015c21f329bf45f FailMessageText 
2026-08-16 23:34:24.682 -04:00|0.16.9.0.40087|Error|Default|<b>Locale</b>. Trying to add duplicate: 68561cd4801134be939e11f6 Name 
2026-08-16 23:34:24.682 -04:00|0.16.9.0.40087|Error|Default|<b>Locale</b>. Trying to add duplicate: 68561cd4801134be939e11f6 Description 
2026-08-16 23:34:24.682 -04:00|0.16.9.0.40087|Error|Default|<b>Locale</b>. Trying to add duplicate: 68561cd4801134be939e11f6 StartedMessageText 
2026-08-16 23:34:24.682 -04:00|0.16.9.0.40087|Error|Default|<b>Locale</b>. Trying to add duplicate: 68561cd4801134be939e11f6 SuccessMessageText 
2026-08-16 23:34:24.682 -04:00|0.16.9.0.40087|Error|Default|<b>Locale</b>. Trying to add duplicate: 6833b8bc6f8ce71072c4e703 Name 
2026-08-16 23:34:24.682 -04:00|0.16.9.0.40087|Error|Default|<b>Locale</b>. Trying to add duplicate: 6833b8bc6f8ce71072c4e703 Description 
2026-08-16 23:34:24.682 -04:00|0.16.9.0.40087|Error|Default|<b>Locale</b>. Trying to add duplicate: 6833b8bc6f8ce71072c4e703 StartedMessageText 
2026-08-16 23:34:24.682 -04:00|0.16.9.0.40087|Error|Default|<b>Locale</b>. Trying to add duplicate: 6833b8bc6f8ce71072c4e703 SuccessMessageText 
2026-08-16 23:34:24.682 -04:00|0.16.9.0.40087|Error|Default|<b>Locale</b>. Trying to add duplicate: 6833b8bc6f8ce71072c4e703 FailMessageText 
2026-08-16 23:34:24.682 -04:00|0.16.9.0.40087|Error|Default|<b>Locale</b>. Trying to add duplicate: 6833b8bc6f8ce71072c4e703 AcceptPlayerMessage 
2026-08-16 23:34:24.682 -04:00|0.16.9.0.40087|Error|Default|<b>Locale</b>. Trying to add duplicate: 6833b8bc6f8ce71072c4e703 DeclinePlayerMessage 
2026-08-16 23:34:24.682 -04:00|0.16.9.0.40087|Error|Default|<b>Locale</b>. Trying to add duplicate: 6833b8bc6f8ce71072c4e703 CompletePlayerMessage 
2026-08-16 23:34:24.682 -04:00|0.16.9.0.40087|Error|Default|<b>Locale</b>. Trying to add duplicate: 6833b8bc6f8ce71072c4e703 Note 
2026-08-16 23:34:24.682 -04:00|0.16.9.0.40087|Error|Default|<b>Locale</b>. Trying to add duplicate: 683645245a1c12488166b1a5 Name 
2026-08-16 23:34:24.682 -04:00|0.16.9.0.40087|Error|Default|<b>Locale</b>. Trying to add duplicate: 683645245a1c12488166b1a5 Description 
2026-08-16 23:34:24.682 -04:00|0.16.9.0.40087|Error|Default|<b>Locale</b>. Trying to add duplicate: 683645245a1c12488166b1a5 StartedMessageText 
2026-08-16 23:34:24.682 -04:00|0.16.9.0.40087|Error|Default|<b>Locale</b>. Trying to add duplicate: 683645245a1c12488166b1a5 SuccessMessageText 
2026-08-16 23:34:24.682 -04:00|0.16.9.0.40087|Error|Default|<b>Locale</b>. Trying to add duplicate: 683645245a1c12488166b1a5 AcceptPlayerMessage 
2026-08-16 23:34:24.682 -04:00|0.16.9.0.40087|Error|Default|<b>Locale</b>. Trying to add duplicate: 683645245a1c12488166b1a5 DeclinePlayerMessage 
2026-08-16 23:34:24.682 -04:00|0.16.9.0.40087|Error|Default|<b>Locale</b>. Trying to add duplicate: 683645245a1c12488166b1a5 CompletePlayerMessage 
2026-08-16 23:34:24.682 -04:00|0.16.9.0.40087|Error|Default|<b>Locale</b>. Trying to add duplicate: 683645245a1c12488166b1a5 Note 
2026-08-16 23:34:24.682 -04:00|0.16.9.0.40087|Error|Default|<b>Locale</b>. Trying to add duplicate: 686c25d281071c45d2f8aa44 Name 
2026-08-16 23:34:24.682 -04:00|0.16.9.0.40087|Error|Default|<b>Locale</b>. Trying to add duplicate: 686c25d281071c45d2f8aa44 Description 
2026-08-16 23:34:24.682 -04:00|0.16.9.0.40087|Error|Default|<b>Locale</b>. Trying to add duplicate: 686c25d281071c45d2f8aa44 StartedMessageText 
2026-08-16 23:34:24.682 -04:00|0.16.9.0.40087|Error|Default|<b>Locale</b>. Trying to add duplicate: 686c25d281071c45d2f8aa44 SuccessMessageText 
2026-08-16 23:34:24.682 -04:00|0.16.9.0.40087|Error|Default|<b>Locale</b>. Trying to add duplicate: 686dd4f871840e292fbd1a14 Name 
2026-08-16 23:34:24.682 -04:00|0.16.9.0.40087|Error|Default|<b>Locale</b>. Trying to add duplicate: 686dd4f871840e292fbd1a14 Description 
2026-08-16 23:34:24.682 -04:00|0.16.9.0.40087|Error|Default|<b>Locale</b>. Trying to add duplicate: 686dd4f871840e292fbd1a14 StartedMessageText 
2026-08-16 23:34:24.682 -04:00|0.16.9.0.40087|Error|Default|<b>Locale</b>. Trying to add duplicate: 686dd4f871840e292fbd1a14 SuccessMessageText 
2026-08-16 23:34:24.682 -04:00|0.16.9.0.40087|Error|Default|<b>Locale</b>. Trying to add duplicate: 6870170d18b94df2e8700ba0 Name 
2026-08-16 23:34:24.682 -04:00|0.16.9.0.40087|Error|Default|<b>Locale</b>. Trying to add duplicate: 6870170d18b94df2e8700ba0 Description 
2026-08-16 23:34:24.682 -04:00|0.16.9.0.40087|Error|Default|<b>Locale</b>. Trying to add duplicate: 6870170d18b94df2e8700ba0 StartedMessageText 
2026-08-16 23:34:24.682 -04:00|0.16.9.0.40087|Error|Default|<b>Locale</b>. Trying to add duplicate: 6870170d18b94df2e8700ba0 SuccessMessageText 
2026-08-16 23:34:24.682 -04:00|0.16.9.0.40087|Error|Default|<b>Locale</b>. Trying to add duplicate: 6877096d5299037a1c4b7b2f Name 
2026-08-16 23:34:24.682 -04:00|0.16.9.0.40087|Error|Default|<b>Locale</b>. Trying to add duplicate: 6877096d5299037a1c4b7b2f Description 
2026-08-16 23:34:24.682 -04:00|0.16.9.0.40087|Error|Default|<b>Locale</b>. Trying to add duplicate: 6877096d5299037a1c4b7b2f StartedMessageText 
2026-08-16 23:34:24.682 -04:00|0.16.9.0.40087|Error|Default|<b>Locale</b>. Trying to add duplicate: 6877096d5299037a1c4b7b2f SuccessMessageText 
2026-08-16 23:34:24.682 -04:00|0.16.9.0.40087|Error|Default|<b>Locale</b>. Trying to add duplicate: 68784cf8dbe00560604d51e1 Name 
2026-08-16 23:34:24.682 -04:00|0.16.9.0.40087|Error|Default|<b>Locale</b>. Trying to add duplicate: 68784cf8dbe00560604d51e1 Description 
2026-08-16 23:34:24.682 -04:00|0.16.9.0.40087|Error|Default|<b>Locale</b>. Trying to add duplicate: 68784cf8dbe00560604d51e1 StartedMessageText 
2026-08-16 23:34:24.682 -04:00|0.16.9.0.40087|Error|Default|<b>Locale</b>. Trying to add duplicate: 68784cf8dbe00560604d51e1 SuccessMessageText 
2026-08-16 23:34:24.682 -04:00|0.16.9.0.40087|Error|Default|<b>Locale</b>. Trying to add duplicate: 6879a0da60f8d8a90e632755 Name 
2026-08-16 23:34:24.682 -04:00|0.16.9.0.40087|Error|Default|<b>Locale</b>. Trying to add duplicate: 6879a0da60f8d8a90e632755 Description 
2026-08-16 23:34:24.682 -04:00|0.16.9.0.40087|Error|Default|<b>Locale</b>. Trying to add duplicate: 6879a0da60f8d8a90e632755 StartedMessageText 
2026-08-16 23:34:24.682 -04:00|0.16.9.0.40087|Error|Default|<b>Locale</b>. Trying to add duplicate: 6879a0da60f8d8a90e632755 SuccessMessageText 
2026-08-16 23:34:24.682 -04:00|0.16.9.0.40087|Error|Default|<b>Locale</b>. Trying to add duplicate: 694dc176d149fc1d52000003 Name 
2026-08-16 23:34:24.682 -04:00|0.16.9.0.40087|Error|Default|<b>Locale</b>. Trying to add duplicate: 694dc176d149fc1d52000003 Description 
2026-08-16 23:34:24.682 -04:00|0.16.9.0.40087|Error|Default|<b>Locale</b>. Trying to add duplicate: 694dc176d149fc1d52000003 SuccessMessageText 
2026-08-16 23:34:24.682 -04:00|0.16.9.0.40087|Error|Default|<b>Locale</b>. Trying to add duplicate: 687314e1ee500b06711955a2 Name 
2026-08-16 23:34:24.682 -04:00|0.16.9.0.40087|Error|Default|<b>Locale</b>. Trying to add duplicate: 687314e1ee500b06711955a2 Description 
2026-08-16 23:34:24.682 -04:00|0.16.9.0.40087|Error|Default|<b>Locale</b>. Trying to add duplicate: 687314e1ee500b06711955a2 StartedMessageText 
2026-08-16 23:34:24.682 -04:00|0.16.9.0.40087|Error|Default|<b>Locale</b>. Trying to add duplicate: 687314e1ee500b06711955a2 SuccessMessageText 
2026-08-16 23:34:24.682 -04:00|0.16.9.0.40087|Error|Default|<b>Locale</b>. Trying to add duplicate: 6873248b615c003311ebb292 Name 
2026-08-16 23:34:24.682 -04:00|0.16.9.0.40087|Error|Default|<b>Locale</b>. Trying to add duplicate: 6873248b615c003311ebb292 Description 
2026-08-16 23:34:24.682 -04:00|0.16.9.0.40087|Error|Default|<b>Locale</b>. Trying to add duplicate: 6873248b615c003311ebb292 StartedMessageText 
2026-08-16 23:34:24.682 -04:00|0.16.9.0.40087|Error|Default|<b>Locale</b>. Trying to add duplicate: 6873248b615c003311ebb292 FailMessageText 
2026-08-16 23:34:24.682 -04:00|0.16.9.0.40087|Error|Default|<b>Locale</b>. Trying to add duplicate: 6873248b615c003311ebb292 CompletePlayerMessage 
2026-08-16 23:34:24.682 -04:00|0.16.9.0.40087|Error|Default|<b>Locale</b>. Trying to add duplicate: 6873248b615c003311ebb292 SuccessMessageText 
2026-08-16 23:34:24.682 -04:00|0.16.9.0.40087|Error|Default|<b>Locale</b>. Trying to add duplicate: 686051774a290eb6f216471f Name 
2026-08-16 23:34:24.682 -04:00|0.16.9.0.40087|Error|Default|<b>Locale</b>. Trying to add duplicate: 686051774a290eb6f216471f Description 
2026-08-16 23:34:24.682 -04:00|0.16.9.0.40087|Error|Default|<b>Locale</b>. Trying to add duplicate: 686051774a290eb6f216471f StartedMessageText 
2026-08-16 23:34:24.682 -04:00|0.16.9.0.40087|Error|Default|<b>Locale</b>. Trying to add duplicate: 686051774a290eb6f216471f SuccessMessageText 
2026-08-16 23:34:24.682 -04:00|0.16.9.0.40087|Error|Default|<b>Locale</b>. Trying to add duplicate: 6910b4469b3fa14d813de155 name 
2026-08-16 23:34:24.682 -04:00|0.16.9.0.40087|Error|Default|<b>Locale</b>. Trying to add duplicate: 6910b4469b3fa14d813de155 description 
2026-08-16 23:34:24.682 -04:00|0.16.9.0.40087|Error|Default|<b>Locale</b>. Trying to add duplicate: 693c94e3b993b9416d6501a3 name 
2026-08-16 23:34:24.682 -04:00|0.16.9.0.40087|Error|Default|<b>Locale</b>. Trying to add duplicate: 693c94e3b993b9416d6501a3 description 
2026-08-16 23:34:24.682 -04:00|0.16.9.0.40087|Error|Default|<b>Locale</b>. Trying to add duplicate: 694e0d8851fee79757682ca4 name 
2026-08-16 23:34:24.682 -04:00|0.16.9.0.40087|Error|Default|<b>Locale</b>. Trying to add duplicate: 694e0d8851fee79757682ca4 description 
2026-08-16 23:34:24.682 -04:00|0.16.9.0.40087|Error|Default|<b>Locale</b>. Trying to add duplicate: 694e0fdb0984faf074682ca8 name 
2026-08-16 23:34:24.682 -04:00|0.16.9.0.40087|Error|Default|<b>Locale</b>. Trying to add duplicate: 694e0fdb0984faf074682ca8 description 
2026-08-16 23:34:24.682 -04:00|0.16.9.0.40087|Error|Default|<b>Locale</b>. Trying to add duplicate: 694e1063088b36b489682cac name 
2026-08-16 23:34:24.682 -04:00|0.16.9.0.40087|Error|Default|<b>Locale</b>. Trying to add duplicate: 694e1063088b36b489682cac description 
2026-08-16 23:34:24.682 -04:00|0.16.9.0.40087|Error|Default|<b>Locale</b>. Trying to add duplicate: 694e10ca6b29ea7d14682cb0 name 
2026-08-16 23:34:24.682 -04:00|0.16.9.0.40087|Error|Default|<b>Locale</b>. Trying to add duplicate: 694e10ca6b29ea7d14682cb0 description 
2026-08-16 23:34:24.682 -04:00|0.16.9.0.40087|Error|Default|<b>Locale</b>. Trying to add duplicate: 694e110ec53e29d1d4682cb4 name 
2026-08-16 23:34:24.682 -04:00|0.16.9.0.40087|Error|Default|<b>Locale</b>. Trying to add duplicate: 694e110ec53e29d1d4682cb4 description 
2026-08-16 23:34:24.682 -04:00|0.16.9.0.40087|Error|Default|<b>Locale</b>. Trying to add duplicate: 694e114418e06664c0682cb8 name 
2026-08-16 23:34:24.682 -04:00|0.16.9.0.40087|Error|Default|<b>Locale</b>. Trying to add duplicate: 694e114418e06664c0682cb8 description 
2026-08-16 23:34:24.682 -04:00|0.16.9.0.40087|Error|Default|<b>Locale</b>. Trying to add duplicate: 69eccbae0764116786033c2e description 
2026-08-16 23:34:24.682 -04:00|0.16.9.0.40087|Error|Default|<b>Locale</b>. Trying to add duplicate: 69eccbae0764116786033c2e fullName 
2026-08-16 23:34:24.682 -04:00|0.16.9.0.40087|Error|Default|<b>Locale</b>. Trying to add duplicate: 69eccbae0764116786033c2e firstName 
2026-08-16 23:34:24.682 -04:00|0.16.9.0.40087|Error|Default|<b>Locale</b>. Trying to add duplicate: 69eccbae0764116786033c2e nickName 
2026-08-16 23:34:24.682 -04:00|0.16.9.0.40087|Error|Default|<b>Locale</b>. Trying to add duplicate: 69eccbae0764116786033c2e location 
2026-08-16 23:34:24.682 -04:00|0.16.9.0.40087|Error|Default|<b>Locale</b>. Trying to add duplicate: 6841cdb93de393b52dd49865 Name 
2026-08-16 23:34:24.682 -04:00|0.16.9.0.40087|Error|Default|<b>Locale</b>. Trying to add duplicate: 6841cdb93de393b52dd49865 Description 
2026-08-16 23:34:24.682 -04:00|0.16.9.0.40087|Error|Default|<b>Locale</b>. Trying to add duplicate: 6841cc541c407f8aa0e4f62b Name 
2026-08-16 23:34:24.682 -04:00|0.16.9.0.40087|Error|Default|<b>Locale</b>. Trying to add duplicate: 6841cc541c407f8aa0e4f62b Description 
2026-08-16 23:34:24.682 -04:00|0.16.9.0.40087|Error|Default|<b>Locale</b>. Trying to add duplicate: 6761b213607f9a6f79017aef name 
2026-08-16 23:34:24.682 -04:00|0.16.9.0.40087|Error|Default|<b>Locale</b>. Trying to add duplicate: 6761b213607f9a6f79017aef shortName 
2026-08-16 23:34:24.682 -04:00|0.16.9.0.40087|Error|Default|<b>Locale</b>. Trying to add duplicate: 6761b213607f9a6f79017aef description 
2026-08-16 23:34:24.682 -04:00|0.16.9.0.40087|Error|Default|<b>Locale</b>. Trying to add duplicate: 6761b213607f9a6f79017af1 name 
2026-08-16 23:34:24.682 -04:00|0.16.9.0.40087|Error|Default|<b>Locale</b>. Trying to add duplicate: 6761b213607f9a6f79017af1 shortName 
2026-08-16 23:34:24.682 -04:00|0.16.9.0.40087|Error|Default|<b>Locale</b>. Trying to add duplicate: 6761b213607f9a6f79017af1 description 
2026-08-16 23:34:24.682 -04:00|0.16.9.0.40087|Error|Default|<b>Locale</b>. Trying to add duplicate: 6761b213607f9a6f79017af2 name 
2026-08-16 23:34:24.682 -04:00|0.16.9.0.40087|Error|Default|<b>Locale</b>. Trying to add duplicate: 6761b213607f9a6f79017af2 shortName 
2026-08-16 23:34:24.682 -04:00|0.16.9.0.40087|Error|Default|<b>Locale</b>. Trying to add duplicate: 6761b213607f9a6f79017af2 description 
2026-08-16 23:34:24.682 -04:00|0.16.9.0.40087|Error|Default|<b>Locale</b>. Trying to add duplicate: 6761b213607f9a6f79017af3 name 
2026-08-16 23:34:24.682 -04:00|0.16.9.0.40087|Error|Default|<b>Locale</b>. Trying to add duplicate: 6761b213607f9a6f79017af3 shortName 
2026-08-16 23:34:24.682 -04:00|0.16.9.0.40087|Error|Default|<b>Locale</b>. Trying to add duplicate: 6761b213607f9a6f79017af3 description 
2026-08-16 23:34:24.682 -04:00|0.16.9.0.40087|Error|Default|<b>Locale</b>. Trying to add duplicate: 6761b213607f9a6f79017af4 name 
2026-08-16 23:34:24.682 -04:00|0.16.9.0.40087|Error|Default|<b>Locale</b>. Trying to add duplicate: 6761b213607f9a6f79017af4 shortName 
2026-08-16 23:34:24.682 -04:00|0.16.9.0.40087|Error|Default|<b>Locale</b>. Trying to add duplicate: 6761b213607f9a6f79017af4 description 
2026-08-16 23:34:24.682 -04:00|0.16.9.0.40087|Error|Default|<b>Locale</b>. Trying to add duplicate: 6761b213607f9a6f79017af5 name 
2026-08-16 23:34:24.682 -04:00|0.16.9.0.40087|Error|Default|<b>Locale</b>. Trying to add duplicate: 6761b213607f9a6f79017af5 shortName 
2026-08-16 23:34:24.682 -04:00|0.16.9.0.40087|Error|Default|<b>Locale</b>. Trying to add duplicate: 6761b213607f9a6f79017af5 description 
2026-08-16 23:34:24.682 -04:00|0.16.9.0.40087|Error|Default|<b>Locale</b>. Trying to add duplicate: 6761b213607f9a6f79017af6 name 
2026-08-16 23:34:24.682 -04:00|0.16.9.0.40087|Error|Default|<b>Locale</b>. Trying to add duplicate: 6761b213607f9a6f79017af6 shortName 
2026-08-16 23:34:24.682 -04:00|0.16.9.0.40087|Error|Default|<b>Locale</b>. Trying to add duplicate: 6761b213607f9a6f79017af6 description 
2026-08-16 23:34:24.682 -04:00|0.16.9.0.40087|Error|Default|<b>Locale</b>. Trying to add duplicate: 6761b213607f9a6f79017af7 name 
2026-08-16 23:34:24.682 -04:00|0.16.9.0.40087|Error|Default|<b>Locale</b>. Trying to add duplicate: 6761b213607f9a6f79017af7 shortName 
2026-08-16 23:34:24.682 -04:00|0.16.9.0.40087|Error|Default|<b>Locale</b>. Trying to add duplicate: 6761b213607f9a6f79017af7 description 
2026-08-16 23:34:24.682 -04:00|0.16.9.0.40087|Error|Default|<b>Locale</b>. Trying to add duplicate: 6761b213607f9a6f79017af9 name 
2026-08-16 23:34:24.682 -04:00|0.16.9.0.40087|Error|Default|<b>Locale</b>. Trying to add duplicate: 6761b213607f9a6f79017af9 shortName 
2026-08-16 23:34:24.682 -04:00|0.16.9.0.40087|Error|Default|<b>Locale</b>. Trying to add duplicate: 6761b213607f9a6f79017af9 description 
2026-08-16 23:34:24.682 -04:00|0.16.9.0.40087|Error|Default|<b>Locale</b>. Trying to add duplicate: 6761b213607f9a6f79017afa name 
2026-08-16 23:34:24.682 -04:00|0.16.9.0.40087|Error|Default|<b>Locale</b>. Trying to add duplicate: 6761b213607f9a6f79017afa shortName 
2026-08-16 23:34:24.682 -04:00|0.16.9.0.40087|Error|Default|<b>Locale</b>. Trying to add duplicate: 6761b213607f9a6f79017afa description 
2026-08-16 23:34:24.682 -04:00|0.16.9.0.40087|Error|Default|<b>Locale</b>. Trying to add duplicate: 6761b213607f9a6f79017afb name 
2026-08-16 23:34:24.682 -04:00|0.16.9.0.40087|Error|Default|<b>Locale</b>. Trying to add duplicate: 6761b213607f9a6f79017afb shortName 
2026-08-16 23:34:24.682 -04:00|0.16.9.0.40087|Error|Default|<b>Locale</b>. Trying to add duplicate: 6761b213607f9a6f79017afb description 
2026-08-16 23:34:24.682 -04:00|0.16.9.0.40087|Error|Default|<b>Locale</b>. Trying to add duplicate: 6761b213607f9a6f79017afc name 
2026-08-16 23:34:24.682 -04:00|0.16.9.0.40087|Error|Default|<b>Locale</b>. Trying to add duplicate: 6761b213607f9a6f79017afc shortName 
2026-08-16 23:34:24.682 -04:00|0.16.9.0.40087|Error|Default|<b>Locale</b>. Trying to add duplicate: 6761b213607f9a6f79017afc description 
2026-08-16 23:34:24.682 -04:00|0.16.9.0.40087|Error|Default|<b>Locale</b>. Trying to add duplicate: 6761b213607f9a6f79017afd name 
2026-08-16 23:34:24.682 -04:00|0.16.9.0.40087|Error|Default|<b>Locale</b>. Trying to add duplicate: 6761b213607f9a6f79017afd shortName 
2026-08-16 23:34:24.682 -04:00|0.16.9.0.40087|Error|Default|<b>Locale</b>. Trying to add duplicate: 6761b213607f9a6f79017afd description 
2026-08-16 23:34:24.682 -04:00|0.16.9.0.40087|Error|Default|<b>Locale</b>. Trying to add duplicate: 6761b213607f9a6f79017afe name 
2026-08-16 23:34:24.682 -04:00|0.16.9.0.40087|Error|Default|<b>Locale</b>. Trying to add duplicate: 6761b213607f9a6f79017afe shortName 
2026-08-16 23:34:24.682 -04:00|0.16.9.0.40087|Error|Default|<b>Locale</b>. Trying to add duplicate: 6761b213607f9a6f79017afe description 
2026-08-16 23:34:24.682 -04:00|0.16.9.0.40087|Error|Default|<b>Locale</b>. Trying to add duplicate: 6761b213607f9a6f79017aff name 
2026-08-16 23:34:24.682 -04:00|0.16.9.0.40087|Error|Default|<b>Locale</b>. Trying to add duplicate: 6761b213607f9a6f79017aff shortName 
2026-08-16 23:34:24.682 -04:00|0.16.9.0.40087|Error|Default|<b>Locale</b>. Trying to add duplicate: 6761b213607f9a6f79017aff description 
2026-08-16 23:34:24.682 -04:00|0.16.9.0.40087|Error|Default|<b>Locale</b>. Trying to add duplicate: 6807e54dc5a45c5443154a29 name 
2026-08-16 23:34:24.682 -04:00|0.16.9.0.40087|Error|Default|<b>Locale</b>. Trying to add duplicate: 6807e54dc5a45c5443154a29 shortName 
2026-08-16 23:34:24.682 -04:00|0.16.9.0.40087|Error|Default|<b>Locale</b>. Trying to add duplicate: 6807e54dc5a45c5443154a29 description 
2026-08-16 23:34:24.682 -04:00|0.16.9.0.40087|Error|Default|<b>Locale</b>. Trying to add duplicate: 68084891d93e159932d7e326 name 
2026-08-16 23:34:24.682 -04:00|0.16.9.0.40087|Error|Default|<b>Locale</b>. Trying to add duplicate: 68084891d93e159932d7e326 shortName 
2026-08-16 23:34:24.682 -04:00|0.16.9.0.40087|Error|Default|<b>Locale</b>. Trying to add duplicate: 68084891d93e159932d7e326 description 
2026-08-16 23:34:24.682 -04:00|0.16.9.0.40087|Error|Default|<b>Locale</b>. Trying to add duplicate: 680e8d81e16a7caa3dd10730 name 
2026-08-16 23:34:24.682 -04:00|0.16.9.0.40087|Error|Default|<b>Locale</b>. Trying to add duplicate: 680e8d81e16a7caa3dd10730 shortName 
2026-08-16 23:34:24.682 -04:00|0.16.9.0.40087|Error|Default|<b>Locale</b>. Trying to add duplicate: 680e8d81e16a7caa3dd10730 description 
2026-08-16 23:34:24.682 -04:00|0.16.9.0.40087|Error|Default|<b>Locale</b>. Trying to add duplicate: 68170b2cb595bf820b60571a name 
2026-08-16 23:34:24.682 -04:00|0.16.9.0.40087|Error|Default|<b>Locale</b>. Trying to add duplicate: 68170b2cb595bf820b60571a shortName 
2026-08-16 23:34:24.682 -04:00|0.16.9.0.40087|Error|Default|<b>Locale</b>. Trying to add duplicate: 68170b2cb595bf820b60571a description 
2026-08-16 23:34:24.682 -04:00|0.16.9.0.40087|Error|Default|<b>Locale</b>. Trying to add duplicate: 69352d5c409abe93d29321e4 name 
2026-08-16 23:34:24.682 -04:00|0.16.9.0.40087|Error|Default|<b>Locale</b>. Trying to add duplicate: 69352d5c409abe93d29321e4 shortName 
2026-08-16 23:34:24.682 -04:00|0.16.9.0.40087|Error|Default|<b>Locale</b>. Trying to add duplicate: 69352d5c409abe93d29321e4 description 
2026-08-16 23:34:24.682 -04:00|0.16.9.0.40087|Error|Default|<b>Locale</b>. Trying to add duplicate: 681baec29eb1732a417bd7dd name 
2026-08-16 23:34:24.682 -04:00|0.16.9.0.40087|Error|Default|<b>Locale</b>. Trying to add duplicate: 681baec29eb1732a417bd7dd shortName 
2026-08-16 23:34:24.682 -04:00|0.16.9.0.40087|Error|Default|<b>Locale</b>. Trying to add duplicate: 681baec29eb1732a417bd7dd description 
2026-08-16 23:34:24.682 -04:00|0.16.9.0.40087|Error|Default|<b>Locale</b>. Trying to add duplicate: 681bb00c7fecf6d490b2fb3c name 
2026-08-16 23:34:24.682 -04:00|0.16.9.0.40087|Error|Default|<b>Locale</b>. Trying to add duplicate: 681bb00c7fecf6d490b2fb3c shortName 
2026-08-16 23:34:24.682 -04:00|0.16.9.0.40087|Error|Default|<b>Locale</b>. Trying to add duplicate: 681bb00c7fecf6d490b2fb3c description 
2026-08-16 23:34:24.682 -04:00|0.16.9.0.40087|Error|Default|<b>Locale</b>. Trying to add duplicate: 681bcd300480896883303f71 name 
2026-08-16 23:34:24.682 -04:00|0.16.9.0.40087|Error|Default|<b>Locale</b>. Trying to add duplicate: 681bcd300480896883303f71 shortName 
2026-08-16 23:34:24.682 -04:00|0.16.9.0.40087|Error|Default|<b>Locale</b>. Trying to add duplicate: 681bcd300480896883303f71 description 
2026-08-16 23:34:24.682 -04:00|0.16.9.0.40087|Error|Default|<b>Locale</b>. Trying to add duplicate: 69364a368a4b47eeaf9ba4a3 name 
2026-08-16 23:34:24.682 -04:00|0.16.9.0.40087|Error|Default|<b>Locale</b>. Trying to add duplicate: 69364a368a4b47eeaf9ba4a3 shortName 
2026-08-16 23:34:24.682 -04:00|0.16.9.0.40087|Error|Default|<b>Locale</b>. Trying to add duplicate: 69364a368a4b47eeaf9ba4a3 description 
2026-08-16 23:34:24.682 -04:00|0.16.9.0.40087|Error|Default|<b>Locale</b>. Trying to add duplicate: 0c22fc270f59b28c064e1232 name 
2026-08-16 23:34:24.682 -04:00|0.16.9.0.40087|Error|Default|<b>Locale</b>. Trying to add duplicate: 0c22fc270f59b28c064e1232 shortName 
2026-08-16 23:34:24.682 -04:00|0.16.9.0.40087|Error|Default|<b>Locale</b>. Trying to add duplicate: 0c22fc270f59b28c064e1232 description 
2026-08-16 23:34:24.682 -04:00|0.16.9.0.40087|Error|Default|<b>Locale</b>. Trying to add duplicate: 9543bbe8083934dc3b1b1330 name 
2026-08-16 23:34:24.682 -04:00|0.16.9.0.40087|Error|Default|<b>Locale</b>. Trying to add duplicate: 9543bbe8083934dc3b1b1330 shortName 
2026-08-16 23:34:24.682 -04:00|0.16.9.0.40087|Error|Default|<b>Locale</b>. Trying to add duplicate: 9543bbe8083934dc3b1b1330 description 
2026-08-16 23:34:24.682 -04:00|0.16.9.0.40087|Error|Default|<b>Locale</b>. Trying to add duplicate: c29f11b2e63a089916739c96 name 
2026-08-16 23:34:24.682 -04:00|0.16.9.0.40087|Error|Default|<b>Locale</b>. Trying to add duplicate: c29f11b2e63a089916739c96 shortName 
2026-08-16 23:34:24.682 -04:00|0.16.9.0.40087|Error|Default|<b>Locale</b>. Trying to add duplicate: c29f11b2e63a089916739c96 description 
2026-08-16 23:34:24.682 -04:00|0.16.9.0.40087|Error|Default|<b>Locale</b>. Trying to add duplicate: 12403f74773f49be6a2d84b7 name 
2026-08-16 23:34:24.682 -04:00|0.16.9.0.40087|Error|Default|<b>Locale</b>. Trying to add duplicate: 12403f74773f49be6a2d84b7 shortName 
2026-08-16 23:34:24.682 -04:00|0.16.9.0.40087|Error|Default|<b>Locale</b>. Trying to add duplicate: 12403f74773f49be6a2d84b7 description 
2026-08-16 23:34:24.682 -04:00|0.16.9.0.40087|Error|Default|<b>Locale</b>. Trying to add duplicate: ae9e418fd5d4c4eec4a0e6ea name 
2026-08-16 23:34:24.682 -04:00|0.16.9.0.40087|Error|Default|<b>Locale</b>. Trying to add duplicate: ae9e418fd5d4c4eec4a0e6ea shortName 
2026-08-16 23:34:24.682 -04:00|0.16.9.0.40087|Error|Default|<b>Locale</b>. Trying to add duplicate: ae9e418fd5d4c4eec4a0e6ea description 
2026-08-16 23:34:24.682 -04:00|0.16.9.0.40087|Error|Default|<b>Locale</b>. Trying to add duplicate: 440de5d056825485a0cf3a19 name 
2026-08-16 23:34:24.682 -04:00|0.16.9.0.40087|Error|Default|<b>Locale</b>. Trying to add duplicate: 440de5d056825485a0cf3a19 shortName 
2026-08-16 23:34:24.682 -04:00|0.16.9.0.40087|Error|Default|<b>Locale</b>. Trying to add duplicate: 440de5d056825485a0cf3a19 description 
2026-08-16 23:34:24.682 -04:00|0.16.9.0.40087|Error|Default|<b>Locale</b>. Trying to add duplicate: 6925918065a41e6b1e02a7d7 name 
2026-08-16 23:34:24.682 -04:00|0.16.9.0.40087|Error|Default|<b>Locale</b>. Trying to add duplicate: 6925918065a41e6b1e02a7d7 shortName 
2026-08-16 23:34:24.682 -04:00|0.16.9.0.40087|Error|Default|<b>Locale</b>. Trying to add duplicate: 6925918065a41e6b1e02a7d7 description 
2026-08-16 23:34:24.682 -04:00|0.16.9.0.40087|Error|Default|<b>Locale</b>. Trying to add duplicate: 2eabd4da4ab194eb168e72d3 name 
2026-08-16 23:34:24.682 -04:00|0.16.9.0.40087|Error|Default|<b>Locale</b>. Trying to add duplicate: 2eabd4da4ab194eb168e72d3 shortName 
2026-08-16 23:34:24.682 -04:00|0.16.9.0.40087|Error|Default|<b>Locale</b>. Trying to add duplicate: 2eabd4da4ab194eb168e72d3 description 
2026-08-16 23:34:24.682 -04:00|0.16.9.0.40087|Error|Default|<b>Locale</b>. Trying to add duplicate: 669c10fa06c00c483c58537a name 
2026-08-16 23:34:24.682 -04:00|0.16.9.0.40087|Error|Default|<b>Locale</b>. Trying to add duplicate: 669c10fa06c00c483c58537a shortName 
2026-08-16 23:34:24.682 -04:00|0.16.9.0.40087|Error|Default|<b>Locale</b>. Trying to add duplicate: 669c10fa06c00c483c58537a description 
2026-08-16 23:34:24.682 -04:00|0.16.9.0.40087|Error|Default|<b>Locale</b>. Trying to add duplicate: 669c1a420c8342338269dd86 name 
2026-08-16 23:34:24.682 -04:00|0.16.9.0.40087|Error|Default|<b>Locale</b>. Trying to add duplicate: 669c1a420c8342338269dd86 shortName 
2026-08-16 23:34:24.682 -04:00|0.16.9.0.40087|Error|Default|<b>Locale</b>. Trying to add duplicate: 669c1a420c8342338269dd86 description 
2026-08-16 23:34:24.682 -04:00|0.16.9.0.40087|Error|Default|<b>Locale</b>. Trying to add duplicate: 681c17948a6e3fb72e221390 name 
2026-08-16 23:34:24.682 -04:00|0.16.9.0.40087|Error|Default|<b>Locale</b>. Trying to add duplicate: 681c17948a6e3fb72e221390 shortName 
2026-08-16 23:34:24.682 -04:00|0.16.9.0.40087|Error|Default|<b>Locale</b>. Trying to add duplicate: 681c17948a6e3fb72e221390 description 
2026-08-16 23:34:24.682 -04:00|0.16.9.0.40087|Error|Default|<b>Locale</b>. Trying to add duplicate: 681d117c2b345ac614614bf8 name 
2026-08-16 23:34:24.682 -04:00|0.16.9.0.40087|Error|Default|<b>Locale</b>. Trying to add duplicate: 681d117c2b345ac614614bf8 shortName 
2026-08-16 23:34:24.682 -04:00|0.16.9.0.40087|Error|Default|<b>Locale</b>. Trying to add duplicate: 681d117c2b345ac614614bf8 description 
2026-08-16 23:34:24.682 -04:00|0.16.9.0.40087|Error|Default|<b>Locale</b>. Trying to add duplicate: 681d124d70b2418646a80fa3 name 
2026-08-16 23:34:24.682 -04:00|0.16.9.0.40087|Error|Default|<b>Locale</b>. Trying to add duplicate: 681d124d70b2418646a80fa3 shortName 
2026-08-16 23:34:24.682 -04:00|0.16.9.0.40087|Error|Default|<b>Locale</b>. Trying to add duplicate: 681d124d70b2418646a80fa3 description 
2026-08-16 23:34:24.682 -04:00|0.16.9.0.40087|Error|Default|<b>Locale</b>. Trying to add duplicate: 681d1395a5c2308fdcbcda92 name 
2026-08-16 23:34:24.682 -04:00|0.16.9.0.40087|Error|Default|<b>Locale</b>. Trying to add duplicate: 681d1395a5c2308fdcbcda92 shortName 
2026-08-16 23:34:24.682 -04:00|0.16.9.0.40087|Error|Default|<b>Locale</b>. Trying to add duplicate: 681d1395a5c2308fdcbcda92 description 
2026-08-16 23:34:24.682 -04:00|0.16.9.0.40087|Error|Default|<b>Locale</b>. Trying to add duplicate: 681d1448a0a20c9db8861321 name 
2026-08-16 23:34:24.682 -04:00|0.16.9.0.40087|Error|Default|<b>Locale</b>. Trying to add duplicate: 681d1448a0a20c9db8861321 shortName 
2026-08-16 23:34:24.682 -04:00|0.16.9.0.40087|Error|Default|<b>Locale</b>. Trying to add duplicate: 681d1448a0a20c9db8861321 description 
2026-08-16 23:34:24.682 -04:00|0.16.9.0.40087|Error|Default|<b>Locale</b>. Trying to add duplicate: 681d1ef3db9fe57ea08ed67a name 
2026-08-16 23:34:24.682 -04:00|0.16.9.0.40087|Error|Default|<b>Locale</b>. Trying to add duplicate: 681d1ef3db9fe57ea08ed67a shortName 
2026-08-16 23:34:24.682 -04:00|0.16.9.0.40087|Error|Default|<b>Locale</b>. Trying to add duplicate: 681d1ef3db9fe57ea08ed67a description 
2026-08-16 23:34:24.682 -04:00|0.16.9.0.40087|Error|Default|<b>Locale</b>. Trying to add duplicate: 681d2b9736545ba7dfd0847a name 
2026-08-16 23:34:24.682 -04:00|0.16.9.0.40087|Error|Default|<b>Locale</b>. Trying to add duplicate: 681d2b9736545ba7dfd0847a shortName 
2026-08-16 23:34:24.682 -04:00|0.16.9.0.40087|Error|Default|<b>Locale</b>. Trying to add duplicate: 681d2b9736545ba7dfd0847a description 
2026-08-16 23:34:24.682 -04:00|0.16.9.0.40087|Error|Default|<b>Locale</b>. Trying to add duplicate: 6761b213607f9a6f79017b65 name 
2026-08-16 23:34:24.682 -04:00|0.16.9.0.40087|Error|Default|<b>Locale</b>. Trying to add duplicate: 6761b213607f9a6f79017b65 shortName 
2026-08-16 23:34:24.682 -04:00|0.16.9.0.40087|Error|Default|<b>Locale</b>. Trying to add duplicate: 6761b213607f9a6f79017b65 description 
2026-08-16 23:34:24.682 -04:00|0.16.9.0.40087|Error|Default|<b>Locale</b>. Trying to add duplicate: 6761b213607f9a6f79017b67 name 
2026-08-16 23:34:24.682 -04:00|0.16.9.0.40087|Error|Default|<b>Locale</b>. Trying to add duplicate: 6761b213607f9a6f79017b67 shortName 
2026-08-16 23:34:24.682 -04:00|0.16.9.0.40087|Error|Default|<b>Locale</b>. Trying to add duplicate: 6761b213607f9a6f79017b67 description 
2026-08-16 23:34:24.682 -04:00|0.16.9.0.40087|Error|Default|<b>Locale</b>. Trying to add duplicate: 681d2d053de2e15f8b0b5081 name 
2026-08-16 23:34:24.682 -04:00|0.16.9.0.40087|Error|Default|<b>Locale</b>. Trying to add duplicate: 681d2d053de2e15f8b0b5081 shortName 
2026-08-16 23:34:24.682 -04:00|0.16.9.0.40087|Error|Default|<b>Locale</b>. Trying to add duplicate: 681d2d053de2e15f8b0b5081 description 
2026-08-16 23:34:27.758 -04:00|0.16.9.0.40087|Error|Default|JetMaterial == null 
2026-08-16 23:34:33.611 -04:00|0.16.9.0.40087|Error|Default|JetMaterial == null 
2026-08-16 23:34:33.672 -04:00|0.16.9.0.40087|Error|Default|JetMaterial == null 
2026-08-16 23:34:33.868 -04:00|0.16.9.0.40087|Error|Default|JetMaterial == null 
2026-08-16 23:34:34.045 -04:00|0.16.9.0.40087|Error|Default|JetMaterial == null 
2026-08-16 23:34:34.178 -04:00|0.16.9.0.40087|Error|Default|JetMaterial == null 
2026-08-16 23:34:34.345 -04:00|0.16.9.0.40087|Error|Default|JetMaterial == null 
2026-08-16 23:34:34.428 -04:00|0.16.9.0.40087|Error|Default|JetMaterial == null 
2026-08-16 23:34:34.579 -04:00|0.16.9.0.40087|Error|Default|JetMaterial == null 
2026-08-16 23:34:34.711 -04:00|0.16.9.0.40087|Error|Default|JetMaterial == null 
2026-08-16 23:34:34.845 -04:00|0.16.9.0.40087|Error|Default|JetMaterial == null 
2026-08-16 23:34:35.030 -04:00|0.16.9.0.40087|Error|Default|JetMaterial == null 
2026-08-16 23:34:35.163 -04:00|0.16.9.0.40087|Error|Default|JetMaterial == null 
2026-08-16 23:34:35.230 -04:00|0.16.9.0.40087|Error|Default|JetMaterial == null 
2026-08-16 23:34:35.380 -04:00|0.16.9.0.40087|Error|Default|JetMaterial == null 
2026-08-16 23:34:35.530 -04:00|0.16.9.0.40087|Error|Default|JetMaterial == null 
2026-08-16 23:34:35.664 -04:00|0.16.9.0.40087|Error|Default|JetMaterial == null 
2026-08-16 23:34:35.846 -04:00|0.16.9.0.40087|Error|Default|JetMaterial == null 
2026-08-16 23:34:36.015 -04:00|0.16.9.0.40087|Error|Default|JetMaterial == null 
2026-08-16 23:34:36.148 -04:00|0.16.9.0.40087|Error|Default|JetMaterial == null 
2026-08-16 23:34:36.281 -04:00|0.16.9.0.40087|Error|Default|JetMaterial == null 
2026-08-16 23:34:36.415 -04:00|0.16.9.0.40087|Error|Default|JetMaterial == null 
2026-08-16 23:34:36.548 -04:00|0.16.9.0.40087|Error|Default|JetMaterial == null 
2026-08-16 23:34:36.698 -04:00|0.16.9.0.40087|Error|Default|JetMaterial == null 
2026-08-16 23:34:36.881 -04:00|0.16.9.0.40087|Error|Default|JetMaterial == null 
2026-08-16 23:34:37.043 -04:00|0.16.9.0.40087|Error|Default|JetMaterial == null 
2026-08-16 23:34:37.176 -04:00|0.16.9.0.40087|Error|Default|JetMaterial == null 
2026-08-16 23:34:37.360 -04:00|0.16.9.0.40087|Error|Default|JetMaterial == null 
2026-08-16 23:34:37.493 -04:00|0.16.9.0.40087|Error|Default|JetMaterial == null 
2026-08-16 23:34:37.643 -04:00|0.16.9.0.40087|Error|Default|JetMaterial == null 
2026-08-16 23:34:37.810 -04:00|0.16.9.0.40087|Error|Default|JetMaterial == null 
2026-08-16 23:34:37.994 -04:00|0.16.9.0.40087|Error|Default|JetMaterial == null 
2026-08-16 23:34:38.127 -04:00|0.16.9.0.40087|Error|Default|JetMaterial == null 
2026-08-16 23:34:38.261 -04:00|0.16.9.0.40087|Error|Default|JetMaterial == null 
2026-08-16 23:34:38.394 -04:00|0.16.9.0.40087|Error|Default|JetMaterial == null 
2026-08-16 23:34:38.527 -04:00|0.16.9.0.40087|Error|Default|JetMaterial == null 
2026-08-16 23:34:38.661 -04:00|0.16.9.0.40087|Error|Default|JetMaterial == null 
2026-08-16 23:34:38.794 -04:00|0.16.9.0.40087|Error|Default|JetMaterial == null 
2026-08-16 23:34:38.962 -04:00|0.16.9.0.40087|Error|Default|JetMaterial == null 
2026-08-16 23:34:39.513 -04:00|0.16.9.0.40087|Error|Default|JetMaterial == null 
2026-08-16 23:34:39.998 -04:00|0.16.9.0.40087|Error|Default|JetMaterial == null 
2026-08-16 23:34:48.639 -04:00|0.16.9.0.40087|Error|Default|No bundle found for voice Soppo 
2026-08-16 23:34:48.725 -04:00|0.16.9.0.40087|Error|assetBundle|Bundle key is null or empty 
2026-08-16 23:34:49.228 -04:00|0.16.9.0.40087|Error|Default|Slot with id mod_stock has not been found on 6a8281590b120c2398001297(weapon_glock_glock_17_gen3_9x19) 
2026-08-16 23:34:51.003 -04:00|0.16.9.0.40087|Error|Default|Slot with id mod_stock has not been found on 6a82815a0b120c2398003470(weapon_glock_glock_17_gen3_9x19) 
2026-08-16 23:34:52.858 -04:00|0.16.9.0.40087|Error|Default|No bundle found for voice Soppo 
2026-08-16 23:34:52.858 -04:00|0.16.9.0.40087|Error|assetBundle|Bundle key is null or empty 
2026-08-16 23:34:52.858 -04:00|0.16.9.0.40087|Error|Default|No bundle found for voice Soppo 
2026-08-16 23:34:52.858 -04:00|0.16.9.0.40087|Error|assetBundle|Bundle key is null or empty 
2026-08-16 23:34:52.871 -04:00|0.16.9.0.40087|Error|Default|Error: could not find component Voice on object  
2026-08-16 23:34:52.871 -04:00|0.16.9.0.40087|Error|Default|Voice asset Soppo not found! Voice won't be played on select. 
2026-08-16 23:34:53.165 -04:00|0.16.9.0.40087|Error|Default|Slot with id mod_stock has not been found on 6a82815c0b120c2398005649(weapon_glock_glock_17_gen3_9x19) 
2026-08-16 23:34:54.932 -04:00|0.16.9.0.40087|Error|Default|Slot with id mod_stock has not been found on 6a82815e0b120c2398007822(weapon_glock_glock_17_gen3_9x19) 
2026-08-16 23:34:56.702 -04:00|0.16.9.0.40087|Error|Default|Slot with id mod_stock has not been found on 6a8281600b120c23980099fb(weapon_glock_glock_17_gen3_9x19) 
2026-08-16 23:34:59.330 -04:00|0.16.9.0.40087|Error|Default|<b>Locale</b>. Trying to add duplicate: arena/widgets/activate object 
2026-08-16 23:34:59.330 -04:00|0.16.9.0.40087|Error|Default|<b>Locale</b>. Trying to add duplicate: arena/widgets/defend object 
2026-08-16 23:34:59.330 -04:00|0.16.9.0.40087|Error|Default|<b>Locale</b>. Trying to add duplicate: arena/widgets/event/activating object 
2026-08-16 23:34:59.330 -04:00|0.16.9.0.40087|Error|Default|<b>Locale</b>. Trying to add duplicate: arena/widgets/event/can activate object 
2026-08-16 23:34:59.330 -04:00|0.16.9.0.40087|Error|Default|<b>Locale</b>. Trying to add duplicate: arena/widgets/event/defend object 
2026-08-16 23:34:59.330 -04:00|0.16.9.0.40087|Error|Default|<b>Locale</b>. Trying to add duplicate: laboratory 
2026-08-16 23:34:59.330 -04:00|0.16.9.0.40087|Error|Default|<b>Locale</b>. Trying to add duplicate: 6a0e253fd13347b5a6305306 name 
2026-08-16 23:34:59.330 -04:00|0.16.9.0.40087|Error|Default|<b>Locale</b>. Trying to add duplicate: 6a0e253fd13347b5a6305306 shortName 
2026-08-16 23:34:59.330 -04:00|0.16.9.0.40087|Error|Default|<b>Locale</b>. Trying to add duplicate: 6a0e253fd13347b5a6305306 description 
2026-08-16 23:34:59.330 -04:00|0.16.9.0.40087|Error|Default|<b>Locale</b>. Trying to add duplicate: 6a0e25e7c4fe58df2d30530a name 
2026-08-16 23:34:59.330 -04:00|0.16.9.0.40087|Error|Default|<b>Locale</b>. Trying to add duplicate: 6a0e25e7c4fe58df2d30530a shortName 
2026-08-16 23:34:59.330 -04:00|0.16.9.0.40087|Error|Default|<b>Locale</b>. Trying to add duplicate: 6a0e25e7c4fe58df2d30530a description 
2026-08-16 23:34:59.330 -04:00|0.16.9.0.40087|Error|Default|<b>Locale</b>. Trying to add duplicate: 6a0e26261115cb8e9d30530c name 
2026-08-16 23:34:59.330 -04:00|0.16.9.0.40087|Error|Default|<b>Locale</b>. Trying to add duplicate: 6a0e26261115cb8e9d30530c shortName 
2026-08-16 23:34:59.330 -04:00|0.16.9.0.40087|Error|Default|<b>Locale</b>. Trying to add duplicate: 6a0e26261115cb8e9d30530c description 
2026-08-16 23:34:59.330 -04:00|0.16.9.0.40087|Error|Default|<b>Locale</b>. Trying to add duplicate: 6a0e4358d460e95167305310 name 
2026-08-16 23:34:59.330 -04:00|0.16.9.0.40087|Error|Default|<b>Locale</b>. Trying to add duplicate: 6a0e4358d460e95167305310 shortName 
2026-08-16 23:34:59.330 -04:00|0.16.9.0.40087|Error|Default|<b>Locale</b>. Trying to add duplicate: 6a0e4358d460e95167305310 description 
2026-08-16 23:34:59.330 -04:00|0.16.9.0.40087|Error|Default|<b>Locale</b>. Trying to add duplicate: 6a0e43430b6f88f8d230530e name 
2026-08-16 23:34:59.330 -04:00|0.16.9.0.40087|Error|Default|<b>Locale</b>. Trying to add duplicate: 6a0e43430b6f88f8d230530e shortName 
2026-08-16 23:34:59.330 -04:00|0.16.9.0.40087|Error|Default|<b>Locale</b>. Trying to add duplicate: 6a0e43430b6f88f8d230530e description 
2026-08-16 23:34:59.330 -04:00|0.16.9.0.40087|Error|Default|<b>Locale</b>. Trying to add duplicate: 6a1087fe49f3a17012a302ef name 
2026-08-16 23:34:59.330 -04:00|0.16.9.0.40087|Error|Default|<b>Locale</b>. Trying to add duplicate: 6a1087fe49f3a17012a302ef shortName 
2026-08-16 23:34:59.330 -04:00|0.16.9.0.40087|Error|Default|<b>Locale</b>. Trying to add duplicate: 6a1087fe49f3a17012a302ef description 
2026-08-16 23:34:59.330 -04:00|0.16.9.0.40087|Error|Default|<b>Locale</b>. Trying to add duplicate: 6a10b66c1ad901f6b852f55a name 
2026-08-16 23:34:59.330 -04:00|0.16.9.0.40087|Error|Default|<b>Locale</b>. Trying to add duplicate: 6a10b66c1ad901f6b852f55a shortName 
2026-08-16 23:34:59.330 -04:00|0.16.9.0.40087|Error|Default|<b>Locale</b>. Trying to add duplicate: 6a10b66c1ad901f6b852f55a description 
2026-08-16 23:34:59.330 -04:00|0.16.9.0.40087|Error|Default|<b>Locale</b>. Trying to add duplicate: 6a10b6fac0c2827bb252f55e name 
2026-08-16 23:34:59.330 -04:00|0.16.9.0.40087|Error|Default|<b>Locale</b>. Trying to add duplicate: 6a10b6fac0c2827bb252f55e shortName 
2026-08-16 23:34:59.330 -04:00|0.16.9.0.40087|Error|Default|<b>Locale</b>. Trying to add duplicate: 6a10b6fac0c2827bb252f55e description 
2026-08-16 23:34:59.330 -04:00|0.16.9.0.40087|Error|Default|<b>Locale</b>. Trying to add duplicate: 6a10b78858b039730552f561 name 
2026-08-16 23:34:59.330 -04:00|0.16.9.0.40087|Error|Default|<b>Locale</b>. Trying to add duplicate: 6a10b78858b039730552f561 shortName 
2026-08-16 23:34:59.330 -04:00|0.16.9.0.40087|Error|Default|<b>Locale</b>. Trying to add duplicate: 6a10b78858b039730552f561 description 
2026-08-16 23:34:59.330 -04:00|0.16.9.0.40087|Error|Default|<b>Locale</b>. Trying to add duplicate: 6a10b82392962a745e52f564 name 
2026-08-16 23:34:59.330 -04:00|0.16.9.0.40087|Error|Default|<b>Locale</b>. Trying to add duplicate: 6a10b82392962a745e52f564 shortName 
2026-08-16 23:34:59.330 -04:00|0.16.9.0.40087|Error|Default|<b>Locale</b>. Trying to add duplicate: 6a10b82392962a745e52f564 description 
2026-08-16 23:34:59.330 -04:00|0.16.9.0.40087|Error|Default|<b>Locale</b>. Trying to add duplicate: 6a10b867bc3d46c41552f566 name 
2026-08-16 23:34:59.330 -04:00|0.16.9.0.40087|Error|Default|<b>Locale</b>. Trying to add duplicate: 6a10b867bc3d46c41552f566 shortName 
2026-08-16 23:34:59.330 -04:00|0.16.9.0.40087|Error|Default|<b>Locale</b>. Trying to add duplicate: 6a10b867bc3d46c41552f566 description 
2026-08-16 23:34:59.330 -04:00|0.16.9.0.40087|Error|Default|<b>Locale</b>. Trying to add duplicate: 6a2b0cc78dcf9203554cd53d name 
2026-08-16 23:34:59.330 -04:00|0.16.9.0.40087|Error|Default|<b>Locale</b>. Trying to add duplicate: 6a2b0cc78dcf9203554cd53d shortName 
2026-08-16 23:34:59.330 -04:00|0.16.9.0.40087|Error|Default|<b>Locale</b>. Trying to add duplicate: 6a2b0cc78dcf9203554cd53d description 
2026-08-16 23:34:59.330 -04:00|0.16.9.0.40087|Error|Default|<b>Locale</b>. Trying to add duplicate: 687b616db015c21f329bf45f Name 
2026-08-16 23:34:59.330 -04:00|0.16.9.0.40087|Error|Default|<b>Locale</b>. Trying to add duplicate: 687b616db015c21f329bf45f Description 
2026-08-16 23:34:59.330 -04:00|0.16.9.0.40087|Error|Default|<b>Locale</b>. Trying to add duplicate: 687b616db015c21f329bf45f StartedMessageText 
2026-08-16 23:34:59.330 -04:00|0.16.9.0.40087|Error|Default|<b>Locale</b>. Trying to add duplicate: 687b616db015c21f329bf45f SuccessMessageText 
2026-08-16 23:34:59.330 -04:00|0.16.9.0.40087|Error|Default|<b>Locale</b>. Trying to add duplicate: 687b616db015c21f329bf45f FailMessageText 
2026-08-16 23:34:59.330 -04:00|0.16.9.0.40087|Error|Default|<b>Locale</b>. Trying to add duplicate: 68561cd4801134be939e11f6 Name 
2026-08-16 23:34:59.330 -04:00|0.16.9.0.40087|Error|Default|<b>Locale</b>. Trying to add duplicate: 68561cd4801134be939e11f6 Description 
2026-08-16 23:34:59.330 -04:00|0.16.9.0.40087|Error|Default|<b>Locale</b>. Trying to add duplicate: 68561cd4801134be939e11f6 StartedMessageText 
2026-08-16 23:34:59.330 -04:00|0.16.9.0.40087|Error|Default|<b>Locale</b>. Trying to add duplicate: 68561cd4801134be939e11f6 SuccessMessageText 
2026-08-16 23:34:59.330 -04:00|0.16.9.0.40087|Error|Default|<b>Locale</b>. Trying to add duplicate: 6833b8bc6f8ce71072c4e703 Name 
2026-08-16 23:34:59.330 -04:00|0.16.9.0.40087|Error|Default|<b>Locale</b>. Trying to add duplicate: 6833b8bc6f8ce71072c4e703 Description 
2026-08-16 23:34:59.330 -04:00|0.16.9.0.40087|Error|Default|<b>Locale</b>. Trying to add duplicate: 6833b8bc6f8ce71072c4e703 StartedMessageText 
2026-08-16 23:34:59.330 -04:00|0.16.9.0.40087|Error|Default|<b>Locale</b>. Trying to add duplicate: 6833b8bc6f8ce71072c4e703 SuccessMessageText 
2026-08-16 23:34:59.330 -04:00|0.16.9.0.40087|Error|Default|<b>Locale</b>. Trying to add duplicate: 6833b8bc6f8ce71072c4e703 FailMessageText 
2026-08-16 23:34:59.330 -04:00|0.16.9.0.40087|Error|Default|<b>Locale</b>. Trying to add duplicate: 6833b8bc6f8ce71072c4e703 AcceptPlayerMessage 
2026-08-16 23:34:59.330 -04:00|0.16.9.0.40087|Error|Default|<b>Locale</b>. Trying to add duplicate: 6833b8bc6f8ce71072c4e703 DeclinePlayerMessage 
2026-08-16 23:34:59.330 -04:00|0.16.9.0.40087|Error|Default|<b>Locale</b>. Trying to add duplicate: 6833b8bc6f8ce71072c4e703 CompletePlayerMessage 
2026-08-16 23:34:59.330 -04:00|0.16.9.0.40087|Error|Default|<b>Locale</b>. Trying to add duplicate: 6833b8bc6f8ce71072c4e703 Note 
2026-08-16 23:34:59.330 -04:00|0.16.9.0.40087|Error|Default|<b>Locale</b>. Trying to add duplicate: 683645245a1c12488166b1a5 Name 
2026-08-16 23:34:59.330 -04:00|0.16.9.0.40087|Error|Default|<b>Locale</b>. Trying to add duplicate: 683645245a1c12488166b1a5 Description 
2026-08-16 23:34:59.330 -04:00|0.16.9.0.40087|Error|Default|<b>Locale</b>. Trying to add duplicate: 683645245a1c12488166b1a5 StartedMessageText 
2026-08-16 23:34:59.330 -04:00|0.16.9.0.40087|Error|Default|<b>Locale</b>. Trying to add duplicate: 683645245a1c12488166b1a5 SuccessMessageText 
2026-08-16 23:34:59.330 -04:00|0.16.9.0.40087|Error|Default|<b>Locale</b>. Trying to add duplicate: 683645245a1c12488166b1a5 AcceptPlayerMessage 
2026-08-16 23:34:59.330 -04:00|0.16.9.0.40087|Error|Default|<b>Locale</b>. Trying to add duplicate: 683645245a1c12488166b1a5 DeclinePlayerMessage 
2026-08-16 23:34:59.330 -04:00|0.16.9.0.40087|Error|Default|<b>Locale</b>. Trying to add duplicate: 683645245a1c12488166b1a5 CompletePlayerMessage 
2026-08-16 23:34:59.330 -04:00|0.16.9.0.40087|Error|Default|<b>Locale</b>. Trying to add duplicate: 683645245a1c12488166b1a5 Note 
2026-08-16 23:34:59.330 -04:00|0.16.9.0.40087|Error|Default|<b>Locale</b>. Trying to add duplicate: 686c25d281071c45d2f8aa44 Name 
2026-08-16 23:34:59.330 -04:00|0.16.9.0.40087|Error|Default|<b>Locale</b>. Trying to add duplicate: 686c25d281071c45d2f8aa44 Description 
2026-08-16 23:34:59.330 -04:00|0.16.9.0.40087|Error|Default|<b>Locale</b>. Trying to add duplicate: 686c25d281071c45d2f8aa44 StartedMessageText 
2026-08-16 23:34:59.330 -04:00|0.16.9.0.40087|Error|Default|<b>Locale</b>. Trying to add duplicate: 686c25d281071c45d2f8aa44 SuccessMessageText 
2026-08-16 23:34:59.330 -04:00|0.16.9.0.40087|Error|Default|<b>Locale</b>. Trying to add duplicate: 686dd4f871840e292fbd1a14 Name 
2026-08-16 23:34:59.330 -04:00|0.16.9.0.40087|Error|Default|<b>Locale</b>. Trying to add duplicate: 686dd4f871840e292fbd1a14 Description 
2026-08-16 23:34:59.330 -04:00|0.16.9.0.40087|Error|Default|<b>Locale</b>. Trying to add duplicate: 686dd4f871840e292fbd1a14 StartedMessageText 
2026-08-16 23:34:59.330 -04:00|0.16.9.0.40087|Error|Default|<b>Locale</b>. Trying to add duplicate: 686dd4f871840e292fbd1a14 SuccessMessageText 
2026-08-16 23:34:59.330 -04:00|0.16.9.0.40087|Error|Default|<b>Locale</b>. Trying to add duplicate: 6870170d18b94df2e8700ba0 Name 
2026-08-16 23:34:59.330 -04:00|0.16.9.0.40087|Error|Default|<b>Locale</b>. Trying to add duplicate: 6870170d18b94df2e8700ba0 Description 
2026-08-16 23:34:59.330 -04:00|0.16.9.0.40087|Error|Default|<b>Locale</b>. Trying to add duplicate: 6870170d18b94df2e8700ba0 StartedMessageText 
2026-08-16 23:34:59.330 -04:00|0.16.9.0.40087|Error|Default|<b>Locale</b>. Trying to add duplicate: 6870170d18b94df2e8700ba0 SuccessMessageText 
2026-08-16 23:34:59.330 -04:00|0.16.9.0.40087|Error|Default|<b>Locale</b>. Trying to add duplicate: 6877096d5299037a1c4b7b2f Name 
2026-08-16 23:34:59.330 -04:00|0.16.9.0.40087|Error|Default|<b>Locale</b>. Trying to add duplicate: 6877096d5299037a1c4b7b2f Description 
2026-08-16 23:34:59.330 -04:00|0.16.9.0.40087|Error|Default|<b>Locale</b>. Trying to add duplicate: 6877096d5299037a1c4b7b2f StartedMessageText 
2026-08-16 23:34:59.330 -04:00|0.16.9.0.40087|Error|Default|<b>Locale</b>. Trying to add duplicate: 6877096d5299037a1c4b7b2f SuccessMessageText 
2026-08-16 23:34:59.330 -04:00|0.16.9.0.40087|Error|Default|<b>Locale</b>. Trying to add duplicate: 68784cf8dbe00560604d51e1 Name 
2026-08-16 23:34:59.330 -04:00|0.16.9.0.40087|Error|Default|<b>Locale</b>. Trying to add duplicate: 68784cf8dbe00560604d51e1 Description 
2026-08-16 23:34:59.330 -04:00|0.16.9.0.40087|Error|Default|<b>Locale</b>. Trying to add duplicate: 68784cf8dbe00560604d51e1 StartedMessageText 
2026-08-16 23:34:59.330 -04:00|0.16.9.0.40087|Error|Default|<b>Locale</b>. Trying to add duplicate: 68784cf8dbe00560604d51e1 SuccessMessageText 
2026-08-16 23:34:59.330 -04:00|0.16.9.0.40087|Error|Default|<b>Locale</b>. Trying to add duplicate: 6879a0da60f8d8a90e632755 Name 
2026-08-16 23:34:59.330 -04:00|0.16.9.0.40087|Error|Default|<b>Locale</b>. Trying to add duplicate: 6879a0da60f8d8a90e632755 Description 
2026-08-16 23:34:59.330 -04:00|0.16.9.0.40087|Error|Default|<b>Locale</b>. Trying to add duplicate: 6879a0da60f8d8a90e632755 StartedMessageText 
2026-08-16 23:34:59.330 -04:00|0.16.9.0.40087|Error|Default|<b>Locale</b>. Trying to add duplicate: 6879a0da60f8d8a90e632755 SuccessMessageText 
2026-08-16 23:34:59.330 -04:00|0.16.9.0.40087|Error|Default|<b>Locale</b>. Trying to add duplicate: 694dc176d149fc1d52000003 Name 
2026-08-16 23:34:59.330 -04:00|0.16.9.0.40087|Error|Default|<b>Locale</b>. Trying to add duplicate: 694dc176d149fc1d52000003 Description 
2026-08-16 23:34:59.330 -04:00|0.16.9.0.40087|Error|Default|<b>Locale</b>. Trying to add duplicate: 694dc176d149fc1d52000003 SuccessMessageText 
2026-08-16 23:34:59.330 -04:00|0.16.9.0.40087|Error|Default|<b>Locale</b>. Trying to add duplicate: 687314e1ee500b06711955a2 Name 
2026-08-16 23:34:59.330 -04:00|0.16.9.0.40087|Error|Default|<b>Locale</b>. Trying to add duplicate: 687314e1ee500b06711955a2 Description 
2026-08-16 23:34:59.330 -04:00|0.16.9.0.40087|Error|Default|<b>Locale</b>. Trying to add duplicate: 687314e1ee500b06711955a2 StartedMessageText 
2026-08-16 23:34:59.330 -04:00|0.16.9.0.40087|Error|Default|<b>Locale</b>. Trying to add duplicate: 687314e1ee500b06711955a2 SuccessMessageText 
2026-08-16 23:34:59.330 -04:00|0.16.9.0.40087|Error|Default|<b>Locale</b>. Trying to add duplicate: 6873248b615c003311ebb292 Name 
2026-08-16 23:34:59.330 -04:00|0.16.9.0.40087|Error|Default|<b>Locale</b>. Trying to add duplicate: 6873248b615c003311ebb292 Description 
2026-08-16 23:34:59.330 -04:00|0.16.9.0.40087|Error|Default|<b>Locale</b>. Trying to add duplicate: 6873248b615c003311ebb292 StartedMessageText 
2026-08-16 23:34:59.330 -04:00|0.16.9.0.40087|Error|Default|<b>Locale</b>. Trying to add duplicate: 6873248b615c003311ebb292 FailMessageText 
2026-08-16 23:34:59.330 -04:00|0.16.9.0.40087|Error|Default|<b>Locale</b>. Trying to add duplicate: 6873248b615c003311ebb292 CompletePlayerMessage 
2026-08-16 23:34:59.330 -04:00|0.16.9.0.40087|Error|Default|<b>Locale</b>. Trying to add duplicate: 6873248b615c003311ebb292 SuccessMessageText 
2026-08-16 23:34:59.330 -04:00|0.16.9.0.40087|Error|Default|<b>Locale</b>. Trying to add duplicate: 686051774a290eb6f216471f Name 
2026-08-16 23:34:59.330 -04:00|0.16.9.0.40087|Error|Default|<b>Locale</b>. Trying to add duplicate: 686051774a290eb6f216471f Description 
2026-08-16 23:34:59.330 -04:00|0.16.9.0.40087|Error|Default|<b>Locale</b>. Trying to add duplicate: 686051774a290eb6f216471f StartedMessageText 
2026-08-16 23:34:59.330 -04:00|0.16.9.0.40087|Error|Default|<b>Locale</b>. Trying to add duplicate: 686051774a290eb6f216471f SuccessMessageText 
2026-08-16 23:34:59.330 -04:00|0.16.9.0.40087|Error|Default|<b>Locale</b>. Trying to add duplicate: 6910b4469b3fa14d813de155 name 
2026-08-16 23:34:59.330 -04:00|0.16.9.0.40087|Error|Default|<b>Locale</b>. Trying to add duplicate: 6910b4469b3fa14d813de155 description 
2026-08-16 23:34:59.330 -04:00|0.16.9.0.40087|Error|Default|<b>Locale</b>. Trying to add duplicate: 693c94e3b993b9416d6501a3 name 
2026-08-16 23:34:59.330 -04:00|0.16.9.0.40087|Error|Default|<b>Locale</b>. Trying to add duplicate: 693c94e3b993b9416d6501a3 description 
2026-08-16 23:34:59.330 -04:00|0.16.9.0.40087|Error|Default|<b>Locale</b>. Trying to add duplicate: 694e0d8851fee79757682ca4 name 
2026-08-16 23:34:59.330 -04:00|0.16.9.0.40087|Error|Default|<b>Locale</b>. Trying to add duplicate: 694e0d8851fee79757682ca4 description 
2026-08-16 23:34:59.330 -04:00|0.16.9.0.40087|Error|Default|<b>Locale</b>. Trying to add duplicate: 694e0fdb0984faf074682ca8 name 
2026-08-16 23:34:59.330 -04:00|0.16.9.0.40087|Error|Default|<b>Locale</b>. Trying to add duplicate: 694e0fdb0984faf074682ca8 description 
2026-08-16 23:34:59.330 -04:00|0.16.9.0.40087|Error|Default|<b>Locale</b>. Trying to add duplicate: 694e1063088b36b489682cac name 
2026-08-16 23:34:59.330 -04:00|0.16.9.0.40087|Error|Default|<b>Locale</b>. Trying to add duplicate: 694e1063088b36b489682cac description 
2026-08-16 23:34:59.330 -04:00|0.16.9.0.40087|Error|Default|<b>Locale</b>. Trying to add duplicate: 694e10ca6b29ea7d14682cb0 name 
2026-08-16 23:34:59.330 -04:00|0.16.9.0.40087|Error|Default|<b>Locale</b>. Trying to add duplicate: 694e10ca6b29ea7d14682cb0 description 
2026-08-16 23:34:59.330 -04:00|0.16.9.0.40087|Error|Default|<b>Locale</b>. Trying to add duplicate: 694e110ec53e29d1d4682cb4 name 
2026-08-16 23:34:59.330 -04:00|0.16.9.0.40087|Error|Default|<b>Locale</b>. Trying to add duplicate: 694e110ec53e29d1d4682cb4 description 
2026-08-16 23:34:59.330 -04:00|0.16.9.0.40087|Error|Default|<b>Locale</b>. Trying to add duplicate: 694e114418e06664c0682cb8 name 
2026-08-16 23:34:59.330 -04:00|0.16.9.0.40087|Error|Default|<b>Locale</b>. Trying to add duplicate: 694e114418e06664c0682cb8 description 
2026-08-16 23:34:59.330 -04:00|0.16.9.0.40087|Error|Default|<b>Locale</b>. Trying to add duplicate: 69eccbae0764116786033c2e description 
2026-08-16 23:34:59.330 -04:00|0.16.9.0.40087|Error|Default|<b>Locale</b>. Trying to add duplicate: 69eccbae0764116786033c2e fullName 
2026-08-16 23:34:59.330 -04:00|0.16.9.0.40087|Error|Default|<b>Locale</b>. Trying to add duplicate: 69eccbae0764116786033c2e firstName 
2026-08-16 23:34:59.330 -04:00|0.16.9.0.40087|Error|Default|<b>Locale</b>. Trying to add duplicate: 69eccbae0764116786033c2e nickName 
2026-08-16 23:34:59.330 -04:00|0.16.9.0.40087|Error|Default|<b>Locale</b>. Trying to add duplicate: 69eccbae0764116786033c2e location 
2026-08-16 23:34:59.330 -04:00|0.16.9.0.40087|Error|Default|<b>Locale</b>. Trying to add duplicate: 6841cdb93de393b52dd49865 Name 
2026-08-16 23:34:59.330 -04:00|0.16.9.0.40087|Error|Default|<b>Locale</b>. Trying to add duplicate: 6841cdb93de393b52dd49865 Description 
2026-08-16 23:34:59.330 -04:00|0.16.9.0.40087|Error|Default|<b>Locale</b>. Trying to add duplicate: 6841cc541c407f8aa0e4f62b Name 
2026-08-16 23:34:59.330 -04:00|0.16.9.0.40087|Error|Default|<b>Locale</b>. Trying to add duplicate: 6841cc541c407f8aa0e4f62b Description 
2026-08-16 23:34:59.340 -04:00|0.16.9.0.40087|Error|Default|<b>Locale</b>. Trying to add duplicate: 6761b213607f9a6f79017aef name 
2026-08-16 23:34:59.340 -04:00|0.16.9.0.40087|Error|Default|<b>Locale</b>. Trying to add duplicate: 6761b213607f9a6f79017aef shortName 
2026-08-16 23:34:59.340 -04:00|0.16.9.0.40087|Error|Default|<b>Locale</b>. Trying to add duplicate: 6761b213607f9a6f79017aef description 
2026-08-16 23:34:59.340 -04:00|0.16.9.0.40087|Error|Default|<b>Locale</b>. Trying to add duplicate: 6761b213607f9a6f79017af1 name 
2026-08-16 23:34:59.340 -04:00|0.16.9.0.40087|Error|Default|<b>Locale</b>. Trying to add duplicate: 6761b213607f9a6f79017af1 shortName 
2026-08-16 23:34:59.340 -04:00|0.16.9.0.40087|Error|Default|<b>Locale</b>. Trying to add duplicate: 6761b213607f9a6f79017af1 description 
2026-08-16 23:34:59.340 -04:00|0.16.9.0.40087|Error|Default|<b>Locale</b>. Trying to add duplicate: 6761b213607f9a6f79017af2 name 
2026-08-16 23:34:59.340 -04:00|0.16.9.0.40087|Error|Default|<b>Locale</b>. Trying to add duplicate: 6761b213607f9a6f79017af2 shortName 
2026-08-16 23:34:59.340 -04:00|0.16.9.0.40087|Error|Default|<b>Locale</b>. Trying to add duplicate: 6761b213607f9a6f79017af2 description 
2026-08-16 23:34:59.340 -04:00|0.16.9.0.40087|Error|Default|<b>Locale</b>. Trying to add duplicate: 6761b213607f9a6f79017af3 name 
2026-08-16 23:34:59.340 -04:00|0.16.9.0.40087|Error|Default|<b>Locale</b>. Trying to add duplicate: 6761b213607f9a6f79017af3 shortName 
2026-08-16 23:34:59.340 -04:00|0.16.9.0.40087|Error|Default|<b>Locale</b>. Trying to add duplicate: 6761b213607f9a6f79017af3 description 
2026-08-16 23:34:59.340 -04:00|0.16.9.0.40087|Error|Default|<b>Locale</b>. Trying to add duplicate: 6761b213607f9a6f79017af4 name 
2026-08-16 23:34:59.340 -04:00|0.16.9.0.40087|Error|Default|<b>Locale</b>. Trying to add duplicate: 6761b213607f9a6f79017af4 shortName 
2026-08-16 23:34:59.340 -04:00|0.16.9.0.40087|Error|Default|<b>Locale</b>. Trying to add duplicate: 6761b213607f9a6f79017af4 description 
2026-08-16 23:34:59.340 -04:00|0.16.9.0.40087|Error|Default|<b>Locale</b>. Trying to add duplicate: 6761b213607f9a6f79017af5 name 
2026-08-16 23:34:59.340 -04:00|0.16.9.0.40087|Error|Default|<b>Locale</b>. Trying to add duplicate: 6761b213607f9a6f79017af5 shortName 
2026-08-16 23:34:59.340 -04:00|0.16.9.0.40087|Error|Default|<b>Locale</b>. Trying to add duplicate: 6761b213607f9a6f79017af5 description 
2026-08-16 23:34:59.340 -04:00|0.16.9.0.40087|Error|Default|<b>Locale</b>. Trying to add duplicate: 6761b213607f9a6f79017af6 name 
2026-08-16 23:34:59.340 -04:00|0.16.9.0.40087|Error|Default|<b>Locale</b>. Trying to add duplicate: 6761b213607f9a6f79017af6 shortName 
2026-08-16 23:34:59.340 -04:00|0.16.9.0.40087|Error|Default|<b>Locale</b>. Trying to add duplicate: 6761b213607f9a6f79017af6 description 
2026-08-16 23:34:59.340 -04:00|0.16.9.0.40087|Error|Default|<b>Locale</b>. Trying to add duplicate: 6761b213607f9a6f79017af7 name 
2026-08-16 23:34:59.340 -04:00|0.16.9.0.40087|Error|Default|<b>Locale</b>. Trying to add duplicate: 6761b213607f9a6f79017af7 shortName 
2026-08-16 23:34:59.340 -04:00|0.16.9.0.40087|Error|Default|<b>Locale</b>. Trying to add duplicate: 6761b213607f9a6f79017af7 description 
2026-08-16 23:34:59.340 -04:00|0.16.9.0.40087|Error|Default|<b>Locale</b>. Trying to add duplicate: 6761b213607f9a6f79017af9 name 
2026-08-16 23:34:59.340 -04:00|0.16.9.0.40087|Error|Default|<b>Locale</b>. Trying to add duplicate: 6761b213607f9a6f79017af9 shortName 
2026-08-16 23:34:59.340 -04:00|0.16.9.0.40087|Error|Default|<b>Locale</b>. Trying to add duplicate: 6761b213607f9a6f79017af9 description 
2026-08-16 23:34:59.340 -04:00|0.16.9.0.40087|Error|Default|<b>Locale</b>. Trying to add duplicate: 6761b213607f9a6f79017afa name 
2026-08-16 23:34:59.340 -04:00|0.16.9.0.40087|Error|Default|<b>Locale</b>. Trying to add duplicate: 6761b213607f9a6f79017afa shortName 
2026-08-16 23:34:59.340 -04:00|0.16.9.0.40087|Error|Default|<b>Locale</b>. Trying to add duplicate: 6761b213607f9a6f79017afa description 
2026-08-16 23:34:59.340 -04:00|0.16.9.0.40087|Error|Default|<b>Locale</b>. Trying to add duplicate: 6761b213607f9a6f79017afb name 
2026-08-16 23:34:59.340 -04:00|0.16.9.0.40087|Error|Default|<b>Locale</b>. Trying to add duplicate: 6761b213607f9a6f79017afb shortName 
2026-08-16 23:34:59.340 -04:00|0.16.9.0.40087|Error|Default|<b>Locale</b>. Trying to add duplicate: 6761b213607f9a6f79017afb description 
2026-08-16 23:34:59.340 -04:00|0.16.9.0.40087|Error|Default|<b>Locale</b>. Trying to add duplicate: 6761b213607f9a6f79017afc name 
2026-08-16 23:34:59.340 -04:00|0.16.9.0.40087|Error|Default|<b>Locale</b>. Trying to add duplicate: 6761b213607f9a6f79017afc shortName 
2026-08-16 23:34:59.340 -04:00|0.16.9.0.40087|Error|Default|<b>Locale</b>. Trying to add duplicate: 6761b213607f9a6f79017afc description 
2026-08-16 23:34:59.340 -04:00|0.16.9.0.40087|Error|Default|<b>Locale</b>. Trying to add duplicate: 6761b213607f9a6f79017afd name 
2026-08-16 23:34:59.340 -04:00|0.16.9.0.40087|Error|Default|<b>Locale</b>. Trying to add duplicate: 6761b213607f9a6f79017afd shortName 
2026-08-16 23:34:59.340 -04:00|0.16.9.0.40087|Error|Default|<b>Locale</b>. Trying to add duplicate: 6761b213607f9a6f79017afd description 
2026-08-16 23:34:59.340 -04:00|0.16.9.0.40087|Error|Default|<b>Locale</b>. Trying to add duplicate: 6761b213607f9a6f79017afe name 
2026-08-16 23:34:59.340 -04:00|0.16.9.0.40087|Error|Default|<b>Locale</b>. Trying to add duplicate: 6761b213607f9a6f79017afe shortName 
2026-08-16 23:34:59.340 -04:00|0.16.9.0.40087|Error|Default|<b>Locale</b>. Trying to add duplicate: 6761b213607f9a6f79017afe description 
2026-08-16 23:34:59.340 -04:00|0.16.9.0.40087|Error|Default|<b>Locale</b>. Trying to add duplicate: 6761b213607f9a6f79017aff name 
2026-08-16 23:34:59.340 -04:00|0.16.9.0.40087|Error|Default|<b>Locale</b>. Trying to add duplicate: 6761b213607f9a6f79017aff shortName 
2026-08-16 23:34:59.340 -04:00|0.16.9.0.40087|Error|Default|<b>Locale</b>. Trying to add duplicate: 6761b213607f9a6f79017aff description 
2026-08-16 23:34:59.340 -04:00|0.16.9.0.40087|Error|Default|<b>Locale</b>. Trying to add duplicate: 6807e54dc5a45c5443154a29 name 
2026-08-16 23:34:59.340 -04:00|0.16.9.0.40087|Error|Default|<b>Locale</b>. Trying to add duplicate: 6807e54dc5a45c5443154a29 shortName 
2026-08-16 23:34:59.340 -04:00|0.16.9.0.40087|Error|Default|<b>Locale</b>. Trying to add duplicate: 6807e54dc5a45c5443154a29 description 
2026-08-16 23:34:59.340 -04:00|0.16.9.0.40087|Error|Default|<b>Locale</b>. Trying to add duplicate: 68084891d93e159932d7e326 name 
2026-08-16 23:34:59.340 -04:00|0.16.9.0.40087|Error|Default|<b>Locale</b>. Trying to add duplicate: 68084891d93e159932d7e326 shortName 
2026-08-16 23:34:59.340 -04:00|0.16.9.0.40087|Error|Default|<b>Locale</b>. Trying to add duplicate: 68084891d93e159932d7e326 description 
2026-08-16 23:34:59.340 -04:00|0.16.9.0.40087|Error|Default|<b>Locale</b>. Trying to add duplicate: 680e8d81e16a7caa3dd10730 name 
2026-08-16 23:34:59.340 -04:00|0.16.9.0.40087|Error|Default|<b>Locale</b>. Trying to add duplicate: 680e8d81e16a7caa3dd10730 shortName 
2026-08-16 23:34:59.340 -04:00|0.16.9.0.40087|Error|Default|<b>Locale</b>. Trying to add duplicate: 680e8d81e16a7caa3dd10730 description 
2026-08-16 23:34:59.340 -04:00|0.16.9.0.40087|Error|Default|<b>Locale</b>. Trying to add duplicate: 68170b2cb595bf820b60571a name 
2026-08-16 23:34:59.340 -04:00|0.16.9.0.40087|Error|Default|<b>Locale</b>. Trying to add duplicate: 68170b2cb595bf820b60571a shortName 
2026-08-16 23:34:59.340 -04:00|0.16.9.0.40087|Error|Default|<b>Locale</b>. Trying to add duplicate: 68170b2cb595bf820b60571a description 
2026-08-16 23:34:59.340 -04:00|0.16.9.0.40087|Error|Default|<b>Locale</b>. Trying to add duplicate: 69352d5c409abe93d29321e4 name 
2026-08-16 23:34:59.340 -04:00|0.16.9.0.40087|Error|Default|<b>Locale</b>. Trying to add duplicate: 69352d5c409abe93d29321e4 shortName 
2026-08-16 23:34:59.340 -04:00|0.16.9.0.40087|Error|Default|<b>Locale</b>. Trying to add duplicate: 69352d5c409abe93d29321e4 description 
2026-08-16 23:34:59.340 -04:00|0.16.9.0.40087|Error|Default|<b>Locale</b>. Trying to add duplicate: 681baec29eb1732a417bd7dd name 
2026-08-16 23:34:59.340 -04:00|0.16.9.0.40087|Error|Default|<b>Locale</b>. Trying to add duplicate: 681baec29eb1732a417bd7dd shortName 
2026-08-16 23:34:59.340 -04:00|0.16.9.0.40087|Error|Default|<b>Locale</b>. Trying to add duplicate: 681baec29eb1732a417bd7dd description 
2026-08-16 23:34:59.340 -04:00|0.16.9.0.40087|Error|Default|<b>Locale</b>. Trying to add duplicate: 681bb00c7fecf6d490b2fb3c name 
2026-08-16 23:34:59.340 -04:00|0.16.9.0.40087|Error|Default|<b>Locale</b>. Trying to add duplicate: 681bb00c7fecf6d490b2fb3c shortName 
2026-08-16 23:34:59.340 -04:00|0.16.9.0.40087|Error|Default|<b>Locale</b>. Trying to add duplicate: 681bb00c7fecf6d490b2fb3c description 
2026-08-16 23:34:59.340 -04:00|0.16.9.0.40087|Error|Default|<b>Locale</b>. Trying to add duplicate: 681bcd300480896883303f71 name 
2026-08-16 23:34:59.340 -04:00|0.16.9.0.40087|Error|Default|<b>Locale</b>. Trying to add duplicate: 681bcd300480896883303f71 shortName 
2026-08-16 23:34:59.340 -04:00|0.16.9.0.40087|Error|Default|<b>Locale</b>. Trying to add duplicate: 681bcd300480896883303f71 description 
2026-08-16 23:34:59.340 -04:00|0.16.9.0.40087|Error|Default|<b>Locale</b>. Trying to add duplicate: 69364a368a4b47eeaf9ba4a3 name 
2026-08-16 23:34:59.340 -04:00|0.16.9.0.40087|Error|Default|<b>Locale</b>. Trying to add duplicate: 69364a368a4b47eeaf9ba4a3 shortName 
2026-08-16 23:34:59.340 -04:00|0.16.9.0.40087|Error|Default|<b>Locale</b>. Trying to add duplicate: 69364a368a4b47eeaf9ba4a3 description 
2026-08-16 23:34:59.340 -04:00|0.16.9.0.40087|Error|Default|<b>Locale</b>. Trying to add duplicate: 0c22fc270f59b28c064e1232 name 
2026-08-16 23:34:59.340 -04:00|0.16.9.0.40087|Error|Default|<b>Locale</b>. Trying to add duplicate: 0c22fc270f59b28c064e1232 shortName 
2026-08-16 23:34:59.340 -04:00|0.16.9.0.40087|Error|Default|<b>Locale</b>. Trying to add duplicate: 0c22fc270f59b28c064e1232 description 
2026-08-16 23:34:59.340 -04:00|0.16.9.0.40087|Error|Default|<b>Locale</b>. Trying to add duplicate: 9543bbe8083934dc3b1b1330 name 
2026-08-16 23:34:59.340 -04:00|0.16.9.0.40087|Error|Default|<b>Locale</b>. Trying to add duplicate: 9543bbe8083934dc3b1b1330 shortName 
2026-08-16 23:34:59.340 -04:00|0.16.9.0.40087|Error|Default|<b>Locale</b>. Trying to add duplicate: 9543bbe8083934dc3b1b1330 description 
2026-08-16 23:34:59.340 -04:00|0.16.9.0.40087|Error|Default|<b>Locale</b>. Trying to add duplicate: c29f11b2e63a089916739c96 name 
2026-08-16 23:34:59.340 -04:00|0.16.9.0.40087|Error|Default|<b>Locale</b>. Trying to add duplicate: c29f11b2e63a089916739c96 shortName 
2026-08-16 23:34:59.340 -04:00|0.16.9.0.40087|Error|Default|<b>Locale</b>. Trying to add duplicate: c29f11b2e63a089916739c96 description 
2026-08-16 23:34:59.340 -04:00|0.16.9.0.40087|Error|Default|<b>Locale</b>. Trying to add duplicate: 12403f74773f49be6a2d84b7 name 
2026-08-16 23:34:59.340 -04:00|0.16.9.0.40087|Error|Default|<b>Locale</b>. Trying to add duplicate: 12403f74773f49be6a2d84b7 shortName 
2026-08-16 23:34:59.340 -04:00|0.16.9.0.40087|Error|Default|<b>Locale</b>. Trying to add duplicate: 12403f74773f49be6a2d84b7 description 
2026-08-16 23:34:59.340 -04:00|0.16.9.0.40087|Error|Default|<b>Locale</b>. Trying to add duplicate: ae9e418fd5d4c4eec4a0e6ea name 
2026-08-16 23:34:59.340 -04:00|0.16.9.0.40087|Error|Default|<b>Locale</b>. Trying to add duplicate: ae9e418fd5d4c4eec4a0e6ea shortName 
2026-08-16 23:34:59.340 -04:00|0.16.9.0.40087|Error|Default|<b>Locale</b>. Trying to add duplicate: ae9e418fd5d4c4eec4a0e6ea description 
2026-08-16 23:34:59.340 -04:00|0.16.9.0.40087|Error|Default|<b>Locale</b>. Trying to add duplicate: 440de5d056825485a0cf3a19 name 
2026-08-16 23:34:59.340 -04:00|0.16.9.0.40087|Error|Default|<b>Locale</b>. Trying to add duplicate: 440de5d056825485a0cf3a19 shortName 
2026-08-16 23:34:59.340 -04:00|0.16.9.0.40087|Error|Default|<b>Locale</b>. Trying to add duplicate: 440de5d056825485a0cf3a19 description 
2026-08-16 23:34:59.340 -04:00|0.16.9.0.40087|Error|Default|<b>Locale</b>. Trying to add duplicate: 6925918065a41e6b1e02a7d7 name 
2026-08-16 23:34:59.340 -04:00|0.16.9.0.40087|Error|Default|<b>Locale</b>. Trying to add duplicate: 6925918065a41e6b1e02a7d7 shortName 
2026-08-16 23:34:59.340 -04:00|0.16.9.0.40087|Error|Default|<b>Locale</b>. Trying to add duplicate: 6925918065a41e6b1e02a7d7 description 
2026-08-16 23:34:59.340 -04:00|0.16.9.0.40087|Error|Default|<b>Locale</b>. Trying to add duplicate: 2eabd4da4ab194eb168e72d3 name 
2026-08-16 23:34:59.340 -04:00|0.16.9.0.40087|Error|Default|<b>Locale</b>. Trying to add duplicate: 2eabd4da4ab194eb168e72d3 shortName 
2026-08-16 23:34:59.340 -04:00|0.16.9.0.40087|Error|Default|<b>Locale</b>. Trying to add duplicate: 2eabd4da4ab194eb168e72d3 description 
2026-08-16 23:34:59.340 -04:00|0.16.9.0.40087|Error|Default|<b>Locale</b>. Trying to add duplicate: 669c10fa06c00c483c58537a name 
2026-08-16 23:34:59.340 -04:00|0.16.9.0.40087|Error|Default|<b>Locale</b>. Trying to add duplicate: 669c10fa06c00c483c58537a shortName 
2026-08-16 23:34:59.340 -04:00|0.16.9.0.40087|Error|Default|<b>Locale</b>. Trying to add duplicate: 669c10fa06c00c483c58537a description 
2026-08-16 23:34:59.340 -04:00|0.16.9.0.40087|Error|Default|<b>Locale</b>. Trying to add duplicate: 669c1a420c8342338269dd86 name 
2026-08-16 23:34:59.340 -04:00|0.16.9.0.40087|Error|Default|<b>Locale</b>. Trying to add duplicate: 669c1a420c8342338269dd86 shortName 
2026-08-16 23:34:59.340 -04:00|0.16.9.0.40087|Error|Default|<b>Locale</b>. Trying to add duplicate: 669c1a420c8342338269dd86 description 
2026-08-16 23:34:59.340 -04:00|0.16.9.0.40087|Error|Default|<b>Locale</b>. Trying to add duplicate: 681c17948a6e3fb72e221390 name 
2026-08-16 23:34:59.340 -04:00|0.16.9.0.40087|Error|Default|<b>Locale</b>. Trying to add duplicate: 681c17948a6e3fb72e221390 shortName 
2026-08-16 23:34:59.340 -04:00|0.16.9.0.40087|Error|Default|<b>Locale</b>. Trying to add duplicate: 681c17948a6e3fb72e221390 description 
2026-08-16 23:34:59.340 -04:00|0.16.9.0.40087|Error|Default|<b>Locale</b>. Trying to add duplicate: 681d117c2b345ac614614bf8 name 
2026-08-16 23:34:59.340 -04:00|0.16.9.0.40087|Error|Default|<b>Locale</b>. Trying to add duplicate: 681d117c2b345ac614614bf8 shortName 
2026-08-16 23:34:59.340 -04:00|0.16.9.0.40087|Error|Default|<b>Locale</b>. Trying to add duplicate: 681d117c2b345ac614614bf8 description 
2026-08-16 23:34:59.340 -04:00|0.16.9.0.40087|Error|Default|<b>Locale</b>. Trying to add duplicate: 681d124d70b2418646a80fa3 name 
2026-08-16 23:34:59.340 -04:00|0.16.9.0.40087|Error|Default|<b>Locale</b>. Trying to add duplicate: 681d124d70b2418646a80fa3 shortName 
2026-08-16 23:34:59.340 -04:00|0.16.9.0.40087|Error|Default|<b>Locale</b>. Trying to add duplicate: 681d124d70b2418646a80fa3 description 
2026-08-16 23:34:59.340 -04:00|0.16.9.0.40087|Error|Default|<b>Locale</b>. Trying to add duplicate: 681d1395a5c2308fdcbcda92 name 
2026-08-16 23:34:59.340 -04:00|0.16.9.0.40087|Error|Default|<b>Locale</b>. Trying to add duplicate: 681d1395a5c2308fdcbcda92 shortName 
2026-08-16 23:34:59.340 -04:00|0.16.9.0.40087|Error|Default|<b>Locale</b>. Trying to add duplicate: 681d1395a5c2308fdcbcda92 description 
2026-08-16 23:34:59.340 -04:00|0.16.9.0.40087|Error|Default|<b>Locale</b>. Trying to add duplicate: 681d1448a0a20c9db8861321 name 
2026-08-16 23:34:59.340 -04:00|0.16.9.0.40087|Error|Default|<b>Locale</b>. Trying to add duplicate: 681d1448a0a20c9db8861321 shortName 
2026-08-16 23:34:59.340 -04:00|0.16.9.0.40087|Error|Default|<b>Locale</b>. Trying to add duplicate: 681d1448a0a20c9db8861321 description 
2026-08-16 23:34:59.340 -04:00|0.16.9.0.40087|Error|Default|<b>Locale</b>. Trying to add duplicate: 681d1ef3db9fe57ea08ed67a name 
2026-08-16 23:34:59.340 -04:00|0.16.9.0.40087|Error|Default|<b>Locale</b>. Trying to add duplicate: 681d1ef3db9fe57ea08ed67a shortName 
2026-08-16 23:34:59.340 -04:00|0.16.9.0.40087|Error|Default|<b>Locale</b>. Trying to add duplicate: 681d1ef3db9fe57ea08ed67a description 
2026-08-16 23:34:59.340 -04:00|0.16.9.0.40087|Error|Default|<b>Locale</b>. Trying to add duplicate: 681d2b9736545ba7dfd0847a name 
2026-08-16 23:34:59.340 -04:00|0.16.9.0.40087|Error|Default|<b>Locale</b>. Trying to add duplicate: 681d2b9736545ba7dfd0847a shortName 
2026-08-16 23:34:59.340 -04:00|0.16.9.0.40087|Error|Default|<b>Locale</b>. Trying to add duplicate: 681d2b9736545ba7dfd0847a description 
2026-08-16 23:34:59.340 -04:00|0.16.9.0.40087|Error|Default|<b>Locale</b>. Trying to add duplicate: 6761b213607f9a6f79017b65 name 
2026-08-16 23:34:59.340 -04:00|0.16.9.0.40087|Error|Default|<b>Locale</b>. Trying to add duplicate: 6761b213607f9a6f79017b65 shortName 
2026-08-16 23:34:59.340 -04:00|0.16.9.0.40087|Error|Default|<b>Locale</b>. Trying to add duplicate: 6761b213607f9a6f79017b65 description 
2026-08-16 23:34:59.340 -04:00|0.16.9.0.40087|Error|Default|<b>Locale</b>. Trying to add duplicate: 6761b213607f9a6f79017b67 name 
2026-08-16 23:34:59.340 -04:00|0.16.9.0.40087|Error|Default|<b>Locale</b>. Trying to add duplicate: 6761b213607f9a6f79017b67 shortName 
2026-08-16 23:34:59.340 -04:00|0.16.9.0.40087|Error|Default|<b>Locale</b>. Trying to add duplicate: 6761b213607f9a6f79017b67 description 
2026-08-16 23:34:59.340 -04:00|0.16.9.0.40087|Error|Default|<b>Locale</b>. Trying to add duplicate: 681d2d053de2e15f8b0b5081 name 
2026-08-16 23:34:59.340 -04:00|0.16.9.0.40087|Error|Default|<b>Locale</b>. Trying to add duplicate: 681d2d053de2e15f8b0b5081 shortName 
2026-08-16 23:34:59.340 -04:00|0.16.9.0.40087|Error|Default|<b>Locale</b>. Trying to add duplicate: 681d2d053de2e15f8b0b5081 description 
2026-08-16 23:35:03.879 -04:00|0.16.9.0.40087|Error|Default|Incorrect Enum value Skill at compareMethod, fallback to ECompareMethod.MoreOrEqual 
2026-08-16 23:35:03.900 -04:00|0.16.9.0.40087|Error|Default|Incorrect Enum value Skill at compareMethod, fallback to ECompareMethod.MoreOrEqual 
2026-08-16 23:35:03.917 -04:00|0.16.9.0.40087|Error|Default|Incorrect Enum value Skill at compareMethod, fallback to ECompareMethod.MoreOrEqual 
2026-08-16 23:35:03.917 -04:00|0.16.9.0.40087|Error|Default|Incorrect Enum value Skill at compareMethod, fallback to ECompareMethod.MoreOrEqual 
2026-08-16 23:35:04.235 -04:00|0.16.9.0.40087|Error|Default|Incorrect Enum value  at bodyPart[0], fallback to EBodyPart.Head 
2026-08-16 23:35:04.235 -04:00|0.16.9.0.40087|Error|Default|Incorrect Enum value  at bodyPart[0], fallback to EBodyPart.Head 
2026-08-16 23:35:04.235 -04:00|0.16.9.0.40087|Error|Default|Incorrect Enum value  at bodyPart[0], fallback to EBodyPart.Head 
2026-08-16 23:35:04.250 -04:00|0.16.9.0.40087|Error|Default|Incorrect Enum value  at bodyPart[0], fallback to EBodyPart.Head 
2026-08-16 23:35:51.489 -04:00|0.16.9.0.40087|Error|Default|Can't set affinity mask. Error code: 122 
